Component: ARM Compiler 5.06 update 6 (build 750) Tool: armlink [4d35ed]

==============================================================================

Section Cross References

    .\objects\startup_stm32f10x_hd.o(RESET) refers to .\objects\startup_stm32f10x_hd.o(STACK) for __initial_sp
    .\objects\startup_stm32f10x_hd.o(RESET) refers to .\objects\startup_stm32f10x_hd.o(.text) for Reset_Handler
    .\objects\startup_stm32f10x_hd.o(RESET) refers to .\objects\stm32f10x_it.o(i.NMI_Handler) for NMI_Handler
    .\objects\startup_stm32f10x_hd.o(RESET) refers to .\objects\stm32f10x_it.o(i.HardFault_Handler) for HardFault_Handler
    .\objects\startup_stm32f10x_hd.o(RESET) refers to .\objects\stm32f10x_it.o(i.MemManage_Handler) for MemManage_Handler
    .\objects\startup_stm32f10x_hd.o(RESET) refers to .\objects\stm32f10x_it.o(i.BusFault_Handler) for BusFault_Handler
    .\objects\startup_stm32f10x_hd.o(RESET) refers to .\objects\stm32f10x_it.o(i.UsageFault_Handler) for UsageFault_Handler
    .\objects\startup_stm32f10x_hd.o(RESET) refers to .\objects\stm32f10x_it.o(i.SVC_Handler) for SVC_Handler
    .\objects\startup_stm32f10x_hd.o(RESET) refers to .\objects\stm32f10x_it.o(i.DebugMon_Handler) for DebugMon_Handler
    .\objects\startup_stm32f10x_hd.o(RESET) refers to .\objects\stm32f10x_it.o(i.PendSV_Handler) for PendSV_Handler
    .\objects\startup_stm32f10x_hd.o(RESET) refers to .\objects\stm32f10x_it.o(i.EXTI9_5_IRQHandler) for EXTI9_5_IRQHandler
    .\objects\startup_stm32f10x_hd.o(RESET) refers to .\objects\stm32f10x_it.o(i.TIM2_IRQHandler) for TIM2_IRQHandler
    .\objects\startup_stm32f10x_hd.o(.text) refers to .\objects\system_stm32f10x.o(i.SystemInit) for SystemInit
    .\objects\startup_stm32f10x_hd.o(.text) refers to C:\Shit Things\Keil\ARM\ARMCC\Bin\..\lib\armlib\mc_w.l(entry.o)(.ARM.Collect$$$$00000000) for __main
    .\objects\system_stm32f10x.o(i.SetSysClock) refers to .\objects\system_stm32f10x.o(i.SetSysClockTo72) for SetSysClockTo72
    .\objects\system_stm32f10x.o(i.SystemCoreClockUpdate) refers to .\objects\system_stm32f10x.o(.data) for SystemCoreClock
    .\objects\system_stm32f10x.o(i.SystemInit) refers to .\objects\system_stm32f10x.o(i.SetSysClock) for SetSysClock
    .\objects\stm32f10x_adc.o(i.ADC_DeInit) refers to .\objects\stm32f10x_rcc.o(i.RCC_APB2PeriphResetCmd) for RCC_APB2PeriphResetCmd
    .\objects\stm32f10x_gpio.o(i.GPIO_AFIODeInit) refers to .\objects\stm32f10x_rcc.o(i.RCC_APB2PeriphResetCmd) for RCC_APB2PeriphResetCmd
    .\objects\stm32f10x_gpio.o(i.GPIO_DeInit) refers to .\objects\stm32f10x_rcc.o(i.RCC_APB2PeriphResetCmd) for RCC_APB2PeriphResetCmd
    .\objects\stm32f10x_pwr.o(i.PWR_DeInit) refers to .\objects\stm32f10x_rcc.o(i.RCC_APB1PeriphResetCmd) for RCC_APB1PeriphResetCmd
    .\objects\stm32f10x_rcc.o(i.RCC_GetClocksFreq) refers to .\objects\stm32f10x_rcc.o(.data) for APBAHBPrescTable
    .\objects\stm32f10x_rcc.o(i.RCC_WaitForHSEStartUp) refers to .\objects\stm32f10x_rcc.o(i.RCC_GetFlagStatus) for RCC_GetFlagStatus
    .\objects\stm32f10x_tim.o(i.TIM_DeInit) refers to .\objects\stm32f10x_rcc.o(i.RCC_APB2PeriphResetCmd) for RCC_APB2PeriphResetCmd
    .\objects\stm32f10x_tim.o(i.TIM_DeInit) refers to .\objects\stm32f10x_rcc.o(i.RCC_APB1PeriphResetCmd) for RCC_APB1PeriphResetCmd
    .\objects\stm32f10x_tim.o(i.TIM_ETRClockMode1Config) refers to .\objects\stm32f10x_tim.o(i.TIM_ETRConfig) for TIM_ETRConfig
    .\objects\stm32f10x_tim.o(i.TIM_ETRClockMode2Config) refers to .\objects\stm32f10x_tim.o(i.TIM_ETRConfig) for TIM_ETRConfig
    .\objects\stm32f10x_tim.o(i.TIM_ICInit) refers to .\objects\stm32f10x_tim.o(i.TI1_Config) for TI1_Config
    .\objects\stm32f10x_tim.o(i.TIM_ICInit) refers to .\objects\stm32f10x_tim.o(i.TIM_SetIC1Prescaler) for TIM_SetIC1Prescaler
    .\objects\stm32f10x_tim.o(i.TIM_ICInit) refers to .\objects\stm32f10x_tim.o(i.TI2_Config) for TI2_Config
    .\objects\stm32f10x_tim.o(i.TIM_ICInit) refers to .\objects\stm32f10x_tim.o(i.TIM_SetIC2Prescaler) for TIM_SetIC2Prescaler
    .\objects\stm32f10x_tim.o(i.TIM_ICInit) refers to .\objects\stm32f10x_tim.o(i.TI3_Config) for TI3_Config
    .\objects\stm32f10x_tim.o(i.TIM_ICInit) refers to .\objects\stm32f10x_tim.o(i.TIM_SetIC3Prescaler) for TIM_SetIC3Prescaler
    .\objects\stm32f10x_tim.o(i.TIM_ICInit) refers to .\objects\stm32f10x_tim.o(i.TI4_Config) for TI4_Config
    .\objects\stm32f10x_tim.o(i.TIM_ICInit) refers to .\objects\stm32f10x_tim.o(i.TIM_SetIC4Prescaler) for TIM_SetIC4Prescaler
    .\objects\stm32f10x_tim.o(i.TIM_ITRxExternalClockConfig) refers to .\objects\stm32f10x_tim.o(i.TIM_SelectInputTrigger) for TIM_SelectInputTrigger
    .\objects\stm32f10x_tim.o(i.TIM_PWMIConfig) refers to .\objects\stm32f10x_tim.o(i.TI1_Config) for TI1_Config
    .\objects\stm32f10x_tim.o(i.TIM_PWMIConfig) refers to .\objects\stm32f10x_tim.o(i.TIM_SetIC1Prescaler) for TIM_SetIC1Prescaler
    .\objects\stm32f10x_tim.o(i.TIM_PWMIConfig) refers to .\objects\stm32f10x_tim.o(i.TI2_Config) for TI2_Config
    .\objects\stm32f10x_tim.o(i.TIM_PWMIConfig) refers to .\objects\stm32f10x_tim.o(i.TIM_SetIC2Prescaler) for TIM_SetIC2Prescaler
    .\objects\stm32f10x_tim.o(i.TIM_TIxExternalClockConfig) refers to .\objects\stm32f10x_tim.o(i.TI2_Config) for TI2_Config
    .\objects\stm32f10x_tim.o(i.TIM_TIxExternalClockConfig) refers to .\objects\stm32f10x_tim.o(i.TI1_Config) for TI1_Config
    .\objects\stm32f10x_tim.o(i.TIM_TIxExternalClockConfig) refers to .\objects\stm32f10x_tim.o(i.TIM_SelectInputTrigger) for TIM_SelectInputTrigger
    .\objects\init.o(i.Init_GPIO) refers to .\objects\stm32f10x_rcc.o(i.RCC_APB2PeriphClockCmd) for RCC_APB2PeriphClockCmd
    .\objects\init.o(i.Init_GPIO) refers to .\objects\stm32f10x_gpio.o(i.GPIO_Init) for GPIO_Init
    .\objects\init.o(i.Init_GPIO) refers to .\objects\stm32f10x_gpio.o(i.GPIO_ResetBits) for GPIO_ResetBits
    .\objects\init.o(i.Init_GPIO) refers to .\objects\stm32f10x_gpio.o(i.GPIO_SetBits) for GPIO_SetBits
    .\objects\init.o(i.Init_Interrupt) refers to .\objects\stm32f10x_rcc.o(i.RCC_APB2PeriphClockCmd) for RCC_APB2PeriphClockCmd
    .\objects\init.o(i.Init_Interrupt) refers to .\objects\stm32f10x_gpio.o(i.GPIO_EXTILineConfig) for GPIO_EXTILineConfig
    .\objects\init.o(i.Init_Interrupt) refers to .\objects\stm32f10x_exti.o(i.EXTI_ClearITPendingBit) for EXTI_ClearITPendingBit
    .\objects\init.o(i.Init_Interrupt) refers to .\objects\stm32f10x_exti.o(i.EXTI_Init) for EXTI_Init
    .\objects\init.o(i.Init_Interrupt) refers to .\objects\misc.o(i.NVIC_Init) for NVIC_Init
    .\objects\init.o(i.Init_Timer) refers to .\objects\stm32f10x_rcc.o(i.RCC_APB1PeriphClockCmd) for RCC_APB1PeriphClockCmd
    .\objects\init.o(i.Init_Timer) refers to .\objects\stm32f10x_tim.o(i.TIM_TimeBaseInit) for TIM_TimeBaseInit
    .\objects\init.o(i.Init_Timer) refers to .\objects\stm32f10x_tim.o(i.TIM_ClearFlag) for TIM_ClearFlag
    .\objects\init.o(i.Init_Timer) refers to .\objects\stm32f10x_tim.o(i.TIM_ITConfig) for TIM_ITConfig
    .\objects\init.o(i.Init_Timer) refers to .\objects\misc.o(i.NVIC_Init) for NVIC_Init
    .\objects\init.o(i.Init_Timer) refers to .\objects\stm32f10x_tim.o(i.TIM_Cmd) for TIM_Cmd
    .\objects\stm32f10x_it.o(i.EXTI9_5_IRQHandler) refers to .\objects\stm32f10x_exti.o(i.EXTI_GetITStatus) for EXTI_GetITStatus
    .\objects\stm32f10x_it.o(i.EXTI9_5_IRQHandler) refers to .\objects\stm32f10x_exti.o(i.EXTI_ClearITPendingBit) for EXTI_ClearITPendingBit
    .\objects\stm32f10x_it.o(i.EXTI9_5_IRQHandler) refers to .\objects\stm32f10x_it.o(.data) for TimingPos
    .\objects\stm32f10x_it.o(i.TIM2_IRQHandler) refers to .\objects\stm32f10x_tim.o(i.TIM_GetITStatus) for TIM_GetITStatus
    .\objects\stm32f10x_it.o(i.TIM2_IRQHandler) refers to .\objects\stm32f10x_tim.o(i.TIM_ClearITPendingBit) for TIM_ClearITPendingBit
    .\objects\stm32f10x_it.o(i.TIM2_IRQHandler) refers to .\objects\stm32f10x_it.o(.data) for TimingPos
    .\objects\function.o(i.ClearData) refers to .\objects\stm32f10x_gpio.o(i.GPIO_ResetBits) for GPIO_ResetBits
    .\objects\function.o(i.ClearData) refers to .\objects\function.o(i.SendData) for SendData
    .\objects\function.o(i.ClearData) refers to .\objects\stm32f10x_gpio.o(i.GPIO_SetBits) for GPIO_SetBits
    .\objects\function.o(i.Delay) refers to .\objects\stm32f10x_it.o(.data) for TimingDelay
    .\objects\function.o(i.DisplayLine) refers to .\objects\function.o(i.DisplayOneIC) for DisplayOneIC
    .\objects\function.o(i.DisplayLine) refers to .\objects\function.o(i.SendData) for SendData
    .\objects\function.o(i.DisplayOneIC) refers to .\objects\function.o(i.InputData) for InputData
    .\objects\function.o(i.DisplayOneIC) refers to .\objects\function.o(i.ShiftLED) for ShiftLED
    .\objects\function.o(i.DisplayWordGlobe) refers to .\objects\function.o(i.StartPos) for StartPos
    .\objects\function.o(i.DisplayWordGlobe) refers to .\objects\function.o(i.ClearData) for ClearData
    .\objects\function.o(i.DisplayWordGlobe) refers to C:\Shit Things\Keil\ARM\ARMCC\Bin\..\lib\armlib\mc_w.l(strlen.o)(.text) for strlen
    .\objects\function.o(i.DisplayWordGlobe) refers to .\objects\function.o(i.CharCVT) for CharCVT
    .\objects\function.o(i.DisplayWordGlobe) refers to .\objects\function.o(i.DisplayLine) for DisplayLine
    .\objects\function.o(i.DisplayWordGlobe) refers to .\objects\function.o(i.Delay) for Delay
    .\objects\function.o(i.DisplayWordGlobe) refers to .\objects\stm32f10x_it.o(.data) for TimePerAngle
    .\objects\function.o(i.InputData) refers to .\objects\stm32f10x_gpio.o(i.GPIO_SetBits) for GPIO_SetBits
    .\objects\function.o(i.InputData) refers to .\objects\stm32f10x_gpio.o(i.GPIO_ResetBits) for GPIO_ResetBits
    .\objects\function.o(i.SendData) refers to .\objects\stm32f10x_gpio.o(i.GPIO_ResetBits) for GPIO_ResetBits
    .\objects\function.o(i.SendData) refers to .\objects\stm32f10x_gpio.o(i.GPIO_SetBits) for GPIO_SetBits
    .\objects\function.o(i.ShiftLED) refers to .\objects\stm32f10x_gpio.o(i.GPIO_ResetBits) for GPIO_ResetBits
    .\objects\function.o(i.ShiftLED) refers to .\objects\stm32f10x_gpio.o(i.GPIO_SetBits) for GPIO_SetBits
    .\objects\function.o(i.StartPos) refers to .\objects\stm32f10x_it.o(.data) for TimePerAngle
    .\objects\main.o(i.main) refers to .\objects\init.o(i.Init_GPIO) for Init_GPIO
    .\objects\main.o(i.main) refers to .\objects\init.o(i.Init_Timer) for Init_Timer
    .\objects\main.o(i.main) refers to .\objects\init.o(i.Init_Interrupt) for Init_Interrupt
    .\objects\main.o(i.main) refers to .\objects\function.o(i.DisplayWordGlobe) for DisplayWordGlobe
    C:\Shit Things\Keil\ARM\ARMCC\Bin\..\lib\armlib\mc_w.l(entry.o)(.ARM.Collect$$$$00000000) refers (Special) to C:\Shit Things\Keil\ARM\ARMCC\Bin\..\lib\armlib\mc_w.l(entry10a.o)(.ARM.Collect$$$$0000000D) for __rt_final_cpp
    C:\Shit Things\Keil\ARM\ARMCC\Bin\..\lib\armlib\mc_w.l(entry.o)(.ARM.Collect$$$$00000000) refers (Special) to C:\Shit Things\Keil\ARM\ARMCC\Bin\..\lib\armlib\mc_w.l(entry11a.o)(.ARM.Collect$$$$0000000F) for __rt_final_exit
    C:\Shit Things\Keil\ARM\ARMCC\Bin\..\lib\armlib\mc_w.l(entry.o)(.ARM.Collect$$$$00000000) refers (Special) to C:\Shit Things\Keil\ARM\ARMCC\Bin\..\lib\armlib\mc_w.l(entry7b.o)(.ARM.Collect$$$$00000008) for _main_clock
    C:\Shit Things\Keil\ARM\ARMCC\Bin\..\lib\armlib\mc_w.l(entry.o)(.ARM.Collect$$$$00000000) refers (Special) to C:\Shit Things\Keil\ARM\ARMCC\Bin\..\lib\armlib\mc_w.l(entry8b.o)(.ARM.Collect$$$$0000000A) for _main_cpp_init
    C:\Shit Things\Keil\ARM\ARMCC\Bin\..\lib\armlib\mc_w.l(entry.o)(.ARM.Collect$$$$00000000) refers (Special) to C:\Shit Things\Keil\ARM\ARMCC\Bin\..\lib\armlib\mc_w.l(entry9a.o)(.ARM.Collect$$$$0000000B) for _main_init
    C:\Shit Things\Keil\ARM\ARMCC\Bin\..\lib\armlib\mc_w.l(entry.o)(.ARM.Collect$$$$00000000) refers (Special) to C:\Shit Things\Keil\ARM\ARMCC\Bin\..\lib\armlib\mc_w.l(entry5.o)(.ARM.Collect$$$$00000004) for _main_scatterload
    C:\Shit Things\Keil\ARM\ARMCC\Bin\..\lib\armlib\mc_w.l(entry.o)(.ARM.Collect$$$$00000000) refers (Special) to C:\Shit Things\Keil\ARM\ARMCC\Bin\..\lib\armlib\mc_w.l(entry2.o)(.ARM.Collect$$$$00000001) for _main_stk
    C:\Shit Things\Keil\ARM\ARMCC\Bin\..\lib\armlib\mc_w.l(entry2.o)(.ARM.Collect$$$$00000001) refers to C:\Shit Things\Keil\ARM\ARMCC\Bin\..\lib\armlib\mc_w.l(entry2.o)(.ARM.Collect$$$$00002712) for __lit__00000000
    C:\Shit Things\Keil\ARM\ARMCC\Bin\..\lib\armlib\mc_w.l(entry2.o)(.ARM.Collect$$$$00002712) refers to .\objects\startup_stm32f10x_hd.o(STACK) for __initial_sp
    C:\Shit Things\Keil\ARM\ARMCC\Bin\..\lib\armlib\mc_w.l(entry2.o)(__vectab_stack_and_reset_area) refers to .\objects\startup_stm32f10x_hd.o(STACK) for __initial_sp
    C:\Shit Things\Keil\ARM\ARMCC\Bin\..\lib\armlib\mc_w.l(entry2.o)(__vectab_stack_and_reset_area) refers to C:\Shit Things\Keil\ARM\ARMCC\Bin\..\lib\armlib\mc_w.l(entry.o)(.ARM.Collect$$$$00000000) for __main
    C:\Shit Things\Keil\ARM\ARMCC\Bin\..\lib\armlib\mc_w.l(entry5.o)(.ARM.Collect$$$$00000004) refers to C:\Shit Things\Keil\ARM\ARMCC\Bin\..\lib\armlib\mc_w.l(init.o)(.text) for __scatterload
    C:\Shit Things\Keil\ARM\ARMCC\Bin\..\lib\armlib\mc_w.l(entry9a.o)(.ARM.Collect$$$$0000000B) refers to .\objects\main.o(i.main) for main
    C:\Shit Things\Keil\ARM\ARMCC\Bin\..\lib\armlib\mc_w.l(entry9b.o)(.ARM.Collect$$$$0000000C) refers to .\objects\main.o(i.main) for main
    C:\Shit Things\Keil\ARM\ARMCC\Bin\..\lib\armlib\mc_w.l(init.o)(.text) refers to C:\Shit Things\Keil\ARM\ARMCC\Bin\..\lib\armlib\mc_w.l(entry5.o)(.ARM.Collect$$$$00000004) for __main_after_scatterload


==============================================================================

Removing Unused input sections from the image.

    Removing .\objects\startup_stm32f10x_hd.o(HEAP), (512 bytes).
    Removing .\objects\core_cm3.o(.emb_text), (32 bytes).
    Removing .\objects\system_stm32f10x.o(i.SystemCoreClockUpdate), (172 bytes).
    Removing .\objects\system_stm32f10x.o(.data), (20 bytes).
    Removing .\objects\misc.o(i.NVIC_PriorityGroupConfig), (20 bytes).
    Removing .\objects\misc.o(i.NVIC_SetVectorTable), (20 bytes).
    Removing .\objects\misc.o(i.NVIC_SystemLPConfig), (32 bytes).
    Removing .\objects\misc.o(i.SysTick_CLKSourceConfig), (40 bytes).
    Removing .\objects\stm32f10x_adc.o(i.ADC_AnalogWatchdogCmd), (20 bytes).
    Removing .\objects\stm32f10x_adc.o(i.ADC_AnalogWatchdogSingleChannelConfig), (16 bytes).
    Removing .\objects\stm32f10x_adc.o(i.ADC_AnalogWatchdogThresholdsConfig), (6 bytes).
    Removing .\objects\stm32f10x_adc.o(i.ADC_AutoInjectedConvCmd), (22 bytes).
    Removing .\objects\stm32f10x_adc.o(i.ADC_ClearFlag), (6 bytes).
    Removing .\objects\stm32f10x_adc.o(i.ADC_ClearITPendingBit), (10 bytes).
    Removing .\objects\stm32f10x_adc.o(i.ADC_Cmd), (22 bytes).
    Removing .\objects\stm32f10x_adc.o(i.ADC_DMACmd), (22 bytes).
    Removing .\objects\stm32f10x_adc.o(i.ADC_DeInit), (92 bytes).
    Removing .\objects\stm32f10x_adc.o(i.ADC_DiscModeChannelCountConfig), (24 bytes).
    Removing .\objects\stm32f10x_adc.o(i.ADC_DiscModeCmd), (22 bytes).
    Removing .\objects\stm32f10x_adc.o(i.ADC_ExternalTrigConvCmd), (22 bytes).
    Removing .\objects\stm32f10x_adc.o(i.ADC_ExternalTrigInjectedConvCmd), (22 bytes).
    Removing .\objects\stm32f10x_adc.o(i.ADC_ExternalTrigInjectedConvConfig), (16 bytes).
    Removing .\objects\stm32f10x_adc.o(i.ADC_GetCalibrationStatus), (20 bytes).
    Removing .\objects\stm32f10x_adc.o(i.ADC_GetConversionValue), (8 bytes).
    Removing .\objects\stm32f10x_adc.o(i.ADC_GetDualModeConversionValue), (12 bytes).
    Removing .\objects\stm32f10x_adc.o(i.ADC_GetFlagStatus), (18 bytes).
    Removing .\objects\stm32f10x_adc.o(i.ADC_GetITStatus), (36 bytes).
    Removing .\objects\stm32f10x_adc.o(i.ADC_GetInjectedConversionValue), (28 bytes).
    Removing .\objects\stm32f10x_adc.o(i.ADC_GetResetCalibrationStatus), (20 bytes).
    Removing .\objects\stm32f10x_adc.o(i.ADC_GetSoftwareStartConvStatus), (20 bytes).
    Removing .\objects\stm32f10x_adc.o(i.ADC_GetSoftwareStartInjectedConvCmdStatus), (20 bytes).
    Removing .\objects\stm32f10x_adc.o(i.ADC_ITConfig), (24 bytes).
    Removing .\objects\stm32f10x_adc.o(i.ADC_Init), (80 bytes).
    Removing .\objects\stm32f10x_adc.o(i.ADC_InjectedChannelConfig), (130 bytes).
    Removing .\objects\stm32f10x_adc.o(i.ADC_InjectedDiscModeCmd), (22 bytes).
    Removing .\objects\stm32f10x_adc.o(i.ADC_InjectedSequencerLengthConfig), (24 bytes).
    Removing .\objects\stm32f10x_adc.o(i.ADC_RegularChannelConfig), (184 bytes).
    Removing .\objects\stm32f10x_adc.o(i.ADC_ResetCalibration), (10 bytes).
    Removing .\objects\stm32f10x_adc.o(i.ADC_SetInjectedOffset), (20 bytes).
    Removing .\objects\stm32f10x_adc.o(i.ADC_SoftwareStartConvCmd), (22 bytes).
    Removing .\objects\stm32f10x_adc.o(i.ADC_SoftwareStartInjectedConvCmd), (22 bytes).
    Removing .\objects\stm32f10x_adc.o(i.ADC_StartCalibration), (10 bytes).
    Removing .\objects\stm32f10x_adc.o(i.ADC_StructInit), (18 bytes).
    Removing .\objects\stm32f10x_adc.o(i.ADC_TempSensorVrefintCmd), (36 bytes).
    Removing .\objects\stm32f10x_exti.o(i.EXTI_ClearFlag), (12 bytes).
    Removing .\objects\stm32f10x_exti.o(i.EXTI_DeInit), (36 bytes).
    Removing .\objects\stm32f10x_exti.o(i.EXTI_GenerateSWInterrupt), (16 bytes).
    Removing .\objects\stm32f10x_exti.o(i.EXTI_GetFlagStatus), (24 bytes).
    Removing .\objects\stm32f10x_exti.o(i.EXTI_StructInit), (16 bytes).
    Removing .\objects\stm32f10x_gpio.o(i.GPIO_AFIODeInit), (20 bytes).
    Removing .\objects\stm32f10x_gpio.o(i.GPIO_DeInit), (200 bytes).
    Removing .\objects\stm32f10x_gpio.o(i.GPIO_ETH_MediaInterfaceConfig), (12 bytes).
    Removing .\objects\stm32f10x_gpio.o(i.GPIO_EventOutputCmd), (12 bytes).
    Removing .\objects\stm32f10x_gpio.o(i.GPIO_EventOutputConfig), (32 bytes).
    Removing .\objects\stm32f10x_gpio.o(i.GPIO_PinLockConfig), (18 bytes).
    Removing .\objects\stm32f10x_gpio.o(i.GPIO_PinRemapConfig), (144 bytes).
    Removing .\objects\stm32f10x_gpio.o(i.GPIO_ReadInputData), (8 bytes).
    Removing .\objects\stm32f10x_gpio.o(i.GPIO_ReadInputDataBit), (18 bytes).
    Removing .\objects\stm32f10x_gpio.o(i.GPIO_ReadOutputData), (8 bytes).
    Removing .\objects\stm32f10x_gpio.o(i.GPIO_ReadOutputDataBit), (18 bytes).
    Removing .\objects\stm32f10x_gpio.o(i.GPIO_StructInit), (16 bytes).
    Removing .\objects\stm32f10x_gpio.o(i.GPIO_Write), (4 bytes).
    Removing .\objects\stm32f10x_gpio.o(i.GPIO_WriteBit), (10 bytes).
    Removing .\objects\stm32f10x_pwr.o(i.PWR_BackupAccessCmd), (12 bytes).
    Removing .\objects\stm32f10x_pwr.o(i.PWR_ClearFlag), (20 bytes).
    Removing .\objects\stm32f10x_pwr.o(i.PWR_DeInit), (22 bytes).
    Removing .\objects\stm32f10x_pwr.o(i.PWR_EnterSTANDBYMode), (52 bytes).
    Removing .\objects\stm32f10x_pwr.o(i.PWR_EnterSTOPMode), (64 bytes).
    Removing .\objects\stm32f10x_pwr.o(i.PWR_GetFlagStatus), (24 bytes).
    Removing .\objects\stm32f10x_pwr.o(i.PWR_PVDCmd), (12 bytes).
    Removing .\objects\stm32f10x_pwr.o(i.PWR_PVDLevelConfig), (24 bytes).
    Removing .\objects\stm32f10x_pwr.o(i.PWR_WakeUpPinCmd), (12 bytes).
    Removing .\objects\stm32f10x_rcc.o(i.RCC_ADCCLKConfig), (24 bytes).
    Removing .\objects\stm32f10x_rcc.o(i.RCC_AHBPeriphClockCmd), (32 bytes).
    Removing .\objects\stm32f10x_rcc.o(i.RCC_APB1PeriphResetCmd), (32 bytes).
    Removing .\objects\stm32f10x_rcc.o(i.RCC_APB2PeriphResetCmd), (32 bytes).
    Removing .\objects\stm32f10x_rcc.o(i.RCC_AdjustHSICalibrationValue), (24 bytes).
    Removing .\objects\stm32f10x_rcc.o(i.RCC_BackupResetCmd), (12 bytes).
    Removing .\objects\stm32f10x_rcc.o(i.RCC_ClearFlag), (20 bytes).
    Removing .\objects\stm32f10x_rcc.o(i.RCC_ClearITPendingBit), (12 bytes).
    Removing .\objects\stm32f10x_rcc.o(i.RCC_ClockSecuritySystemCmd), (12 bytes).
    Removing .\objects\stm32f10x_rcc.o(i.RCC_DeInit), (76 bytes).
    Removing .\objects\stm32f10x_rcc.o(i.RCC_GetClocksFreq), (220 bytes).
    Removing .\objects\stm32f10x_rcc.o(i.RCC_GetFlagStatus), (60 bytes).
    Removing .\objects\stm32f10x_rcc.o(i.RCC_GetITStatus), (24 bytes).
    Removing .\objects\stm32f10x_rcc.o(i.RCC_GetSYSCLKSource), (16 bytes).
    Removing .\objects\stm32f10x_rcc.o(i.RCC_HCLKConfig), (24 bytes).
    Removing .\objects\stm32f10x_rcc.o(i.RCC_HSEConfig), (76 bytes).
    Removing .\objects\stm32f10x_rcc.o(i.RCC_HSICmd), (12 bytes).
    Removing .\objects\stm32f10x_rcc.o(i.RCC_ITConfig), (32 bytes).
    Removing .\objects\stm32f10x_rcc.o(i.RCC_LSEConfig), (52 bytes).
    Removing .\objects\stm32f10x_rcc.o(i.RCC_LSICmd), (12 bytes).
    Removing .\objects\stm32f10x_rcc.o(i.RCC_MCOConfig), (12 bytes).
    Removing .\objects\stm32f10x_rcc.o(i.RCC_PCLK1Config), (24 bytes).
    Removing .\objects\stm32f10x_rcc.o(i.RCC_PCLK2Config), (24 bytes).
    Removing .\objects\stm32f10x_rcc.o(i.RCC_PLLCmd), (12 bytes).
    Removing .\objects\stm32f10x_rcc.o(i.RCC_PLLConfig), (28 bytes).
    Removing .\objects\stm32f10x_rcc.o(i.RCC_RTCCLKCmd), (12 bytes).
    Removing .\objects\stm32f10x_rcc.o(i.RCC_RTCCLKConfig), (16 bytes).
    Removing .\objects\stm32f10x_rcc.o(i.RCC_SYSCLKConfig), (24 bytes).
    Removing .\objects\stm32f10x_rcc.o(i.RCC_USBCLKConfig), (12 bytes).
    Removing .\objects\stm32f10x_rcc.o(i.RCC_WaitForHSEStartUp), (56 bytes).
    Removing .\objects\stm32f10x_rcc.o(.data), (20 bytes).
    Removing .\objects\stm32f10x_tim.o(i.TI1_Config), (128 bytes).
    Removing .\objects\stm32f10x_tim.o(i.TI2_Config), (152 bytes).
    Removing .\objects\stm32f10x_tim.o(i.TI3_Config), (144 bytes).
    Removing .\objects\stm32f10x_tim.o(i.TI4_Config), (152 bytes).
    Removing .\objects\stm32f10x_tim.o(i.TIM_ARRPreloadConfig), (24 bytes).
    Removing .\objects\stm32f10x_tim.o(i.TIM_BDTRConfig), (32 bytes).
    Removing .\objects\stm32f10x_tim.o(i.TIM_BDTRStructInit), (18 bytes).
    Removing .\objects\stm32f10x_tim.o(i.TIM_CCPreloadControl), (24 bytes).
    Removing .\objects\stm32f10x_tim.o(i.TIM_CCxCmd), (30 bytes).
    Removing .\objects\stm32f10x_tim.o(i.TIM_CCxNCmd), (30 bytes).
    Removing .\objects\stm32f10x_tim.o(i.TIM_ClearOC1Ref), (18 bytes).
    Removing .\objects\stm32f10x_tim.o(i.TIM_ClearOC2Ref), (24 bytes).
    Removing .\objects\stm32f10x_tim.o(i.TIM_ClearOC3Ref), (18 bytes).
    Removing .\objects\stm32f10x_tim.o(i.TIM_ClearOC4Ref), (24 bytes).
    Removing .\objects\stm32f10x_tim.o(i.TIM_CounterModeConfig), (18 bytes).
    Removing .\objects\stm32f10x_tim.o(i.TIM_CtrlPWMOutputs), (30 bytes).
    Removing .\objects\stm32f10x_tim.o(i.TIM_DMACmd), (18 bytes).
    Removing .\objects\stm32f10x_tim.o(i.TIM_DMAConfig), (10 bytes).
    Removing .\objects\stm32f10x_tim.o(i.TIM_DeInit), (488 bytes).
    Removing .\objects\stm32f10x_tim.o(i.TIM_ETRClockMode1Config), (54 bytes).
    Removing .\objects\stm32f10x_tim.o(i.TIM_ETRClockMode2Config), (32 bytes).
    Removing .\objects\stm32f10x_tim.o(i.TIM_ETRConfig), (28 bytes).
    Removing .\objects\stm32f10x_tim.o(i.TIM_EncoderInterfaceConfig), (66 bytes).
    Removing .\objects\stm32f10x_tim.o(i.TIM_ForcedOC1Config), (18 bytes).
    Removing .\objects\stm32f10x_tim.o(i.TIM_ForcedOC2Config), (26 bytes).
    Removing .\objects\stm32f10x_tim.o(i.TIM_ForcedOC3Config), (18 bytes).
    Removing .\objects\stm32f10x_tim.o(i.TIM_ForcedOC4Config), (26 bytes).
    Removing .\objects\stm32f10x_tim.o(i.TIM_GenerateEvent), (4 bytes).
    Removing .\objects\stm32f10x_tim.o(i.TIM_GetCapture1), (6 bytes).
    Removing .\objects\stm32f10x_tim.o(i.TIM_GetCapture2), (6 bytes).
    Removing .\objects\stm32f10x_tim.o(i.TIM_GetCapture3), (6 bytes).
    Removing .\objects\stm32f10x_tim.o(i.TIM_GetCapture4), (8 bytes).
    Removing .\objects\stm32f10x_tim.o(i.TIM_GetCounter), (6 bytes).
    Removing .\objects\stm32f10x_tim.o(i.TIM_GetFlagStatus), (18 bytes).
    Removing .\objects\stm32f10x_tim.o(i.TIM_GetPrescaler), (6 bytes).
    Removing .\objects\stm32f10x_tim.o(i.TIM_ICInit), (172 bytes).
    Removing .\objects\stm32f10x_tim.o(i.TIM_ICStructInit), (18 bytes).
    Removing .\objects\stm32f10x_tim.o(i.TIM_ITRxExternalClockConfig), (24 bytes).
    Removing .\objects\stm32f10x_tim.o(i.TIM_InternalClockConfig), (12 bytes).
    Removing .\objects\stm32f10x_tim.o(i.TIM_OC1FastConfig), (18 bytes).
    Removing .\objects\stm32f10x_tim.o(i.TIM_OC1Init), (152 bytes).
    Removing .\objects\stm32f10x_tim.o(i.TIM_OC1NPolarityConfig), (18 bytes).
    Removing .\objects\stm32f10x_tim.o(i.TIM_OC1PolarityConfig), (18 bytes).
    Removing .\objects\stm32f10x_tim.o(i.TIM_OC1PreloadConfig), (18 bytes).
    Removing .\objects\stm32f10x_tim.o(i.TIM_OC2FastConfig), (26 bytes).
    Removing .\objects\stm32f10x_tim.o(i.TIM_OC2Init), (164 bytes).
    Removing .\objects\stm32f10x_tim.o(i.TIM_OC2NPolarityConfig), (26 bytes).
    Removing .\objects\stm32f10x_tim.o(i.TIM_OC2PolarityConfig), (26 bytes).
    Removing .\objects\stm32f10x_tim.o(i.TIM_OC2PreloadConfig), (26 bytes).
    Removing .\objects\stm32f10x_tim.o(i.TIM_OC3FastConfig), (18 bytes).
    Removing .\objects\stm32f10x_tim.o(i.TIM_OC3Init), (160 bytes).
    Removing .\objects\stm32f10x_tim.o(i.TIM_OC3NPolarityConfig), (26 bytes).
    Removing .\objects\stm32f10x_tim.o(i.TIM_OC3PolarityConfig), (26 bytes).
    Removing .\objects\stm32f10x_tim.o(i.TIM_OC3PreloadConfig), (18 bytes).
    Removing .\objects\stm32f10x_tim.o(i.TIM_OC4FastConfig), (26 bytes).
    Removing .\objects\stm32f10x_tim.o(i.TIM_OC4Init), (124 bytes).
    Removing .\objects\stm32f10x_tim.o(i.TIM_OC4PolarityConfig), (26 bytes).
    Removing .\objects\stm32f10x_tim.o(i.TIM_OC4PreloadConfig), (26 bytes).
    Removing .\objects\stm32f10x_tim.o(i.TIM_OCStructInit), (20 bytes).
    Removing .\objects\stm32f10x_tim.o(i.TIM_PWMIConfig), (124 bytes).
    Removing .\objects\stm32f10x_tim.o(i.TIM_PrescalerConfig), (6 bytes).
    Removing .\objects\stm32f10x_tim.o(i.TIM_SelectCCDMA), (24 bytes).
    Removing .\objects\stm32f10x_tim.o(i.TIM_SelectCOM), (24 bytes).
    Removing .\objects\stm32f10x_tim.o(i.TIM_SelectHallSensor), (24 bytes).
    Removing .\objects\stm32f10x_tim.o(i.TIM_SelectInputTrigger), (18 bytes).
    Removing .\objects\stm32f10x_tim.o(i.TIM_SelectMasterSlaveMode), (18 bytes).
    Removing .\objects\stm32f10x_tim.o(i.TIM_SelectOCxM), (82 bytes).
    Removing .\objects\stm32f10x_tim.o(i.TIM_SelectOnePulseMode), (18 bytes).
    Removing .\objects\stm32f10x_tim.o(i.TIM_SelectOutputTrigger), (18 bytes).
    Removing .\objects\stm32f10x_tim.o(i.TIM_SelectSlaveMode), (18 bytes).
    Removing .\objects\stm32f10x_tim.o(i.TIM_SetAutoreload), (4 bytes).
    Removing .\objects\stm32f10x_tim.o(i.TIM_SetClockDivision), (18 bytes).
    Removing .\objects\stm32f10x_tim.o(i.TIM_SetCompare1), (4 bytes).
    Removing .\objects\stm32f10x_tim.o(i.TIM_SetCompare2), (4 bytes).
    Removing .\objects\stm32f10x_tim.o(i.TIM_SetCompare3), (4 bytes).
    Removing .\objects\stm32f10x_tim.o(i.TIM_SetCompare4), (6 bytes).
    Removing .\objects\stm32f10x_tim.o(i.TIM_SetCounter), (4 bytes).
    Removing .\objects\stm32f10x_tim.o(i.TIM_SetIC1Prescaler), (18 bytes).
    Removing .\objects\stm32f10x_tim.o(i.TIM_SetIC2Prescaler), (26 bytes).
    Removing .\objects\stm32f10x_tim.o(i.TIM_SetIC3Prescaler), (18 bytes).
    Removing .\objects\stm32f10x_tim.o(i.TIM_SetIC4Prescaler), (26 bytes).
    Removing .\objects\stm32f10x_tim.o(i.TIM_TIxExternalClockConfig), (62 bytes).
    Removing .\objects\stm32f10x_tim.o(i.TIM_TimeBaseStructInit), (18 bytes).
    Removing .\objects\stm32f10x_tim.o(i.TIM_UpdateDisableConfig), (24 bytes).
    Removing .\objects\stm32f10x_tim.o(i.TIM_UpdateRequestConfig), (24 bytes).

188 unused section(s) (total 7396 bytes) removed from the image.

==============================================================================

Image Symbol Table

    Local Symbols

    Symbol Name                              Value     Ov Type        Size  Object(Section)

    ../clib/microlib/init/entry.s            0x00000000   Number         0  C:\Shit Things\Keil\ARM\ARMCC\Bin\..\lib\armlib\mc_w.l(entry11a.o) ABSOLUTE
    ../clib/microlib/init/entry.s            0x00000000   Number         0  C:\Shit Things\Keil\ARM\ARMCC\Bin\..\lib\armlib\mc_w.l(entry2.o) ABSOLUTE
    ../clib/microlib/init/entry.s            0x00000000   Number         0  C:\Shit Things\Keil\ARM\ARMCC\Bin\..\lib\armlib\mc_w.l(entry8b.o) ABSOLUTE
    ../clib/microlib/init/entry.s            0x00000000   Number         0  C:\Shit Things\Keil\ARM\ARMCC\Bin\..\lib\armlib\mc_w.l(entry9a.o) ABSOLUTE
    ../clib/microlib/init/entry.s            0x00000000   Number         0  C:\Shit Things\Keil\ARM\ARMCC\Bin\..\lib\armlib\mc_w.l(entry11b.o) ABSOLUTE
    ../clib/microlib/init/entry.s            0x00000000   Number         0  C:\Shit Things\Keil\ARM\ARMCC\Bin\..\lib\armlib\mc_w.l(entry10a.o) ABSOLUTE
    ../clib/microlib/init/entry.s            0x00000000   Number         0  C:\Shit Things\Keil\ARM\ARMCC\Bin\..\lib\armlib\mc_w.l(entry10b.o) ABSOLUTE
    ../clib/microlib/init/entry.s            0x00000000   Number         0  C:\Shit Things\Keil\ARM\ARMCC\Bin\..\lib\armlib\mc_w.l(entry.o) ABSOLUTE
    ../clib/microlib/init/entry.s            0x00000000   Number         0  C:\Shit Things\Keil\ARM\ARMCC\Bin\..\lib\armlib\mc_w.l(entry9b.o) ABSOLUTE
    ../clib/microlib/init/entry.s            0x00000000   Number         0  C:\Shit Things\Keil\ARM\ARMCC\Bin\..\lib\armlib\mc_w.l(entry5.o) ABSOLUTE
    ../clib/microlib/init/entry.s            0x00000000   Number         0  C:\Shit Things\Keil\ARM\ARMCC\Bin\..\lib\armlib\mc_w.l(entry7a.o) ABSOLUTE
    ../clib/microlib/init/entry.s            0x00000000   Number         0  C:\Shit Things\Keil\ARM\ARMCC\Bin\..\lib\armlib\mc_w.l(entry7b.o) ABSOLUTE
    ../clib/microlib/init/entry.s            0x00000000   Number         0  C:\Shit Things\Keil\ARM\ARMCC\Bin\..\lib\armlib\mc_w.l(entry8a.o) ABSOLUTE
    ../clib/microlib/string/strlen.c         0x00000000   Number         0  C:\Shit Things\Keil\ARM\ARMCC\Bin\..\lib\armlib\mc_w.l(strlen.o) ABSOLUTE
    Libraries\CMSIS\CM3\CoreSupport\core_cm3.c 0x00000000   Number         0  .\objects\core_cm3.o ABSOLUTE
    Libraries\CMSIS\CM3\DeviceSupport\ST\STM32F10x\startup\arm\startup_stm32f10x_hd.s 0x00000000   Number         0  .\objects\startup_stm32f10x_hd.o ABSOLUTE
    Libraries\CMSIS\CM3\DeviceSupport\ST\STM32F10x\system_stm32f10x.c 0x00000000   Number         0  .\objects\system_stm32f10x.o ABSOLUTE
    Libraries\STM32F10x_StdPeriph_Driver\src\misc.c 0x00000000   Number         0  .\objects\misc.o ABSOLUTE
    Libraries\STM32F10x_StdPeriph_Driver\src\stm32f10x_adc.c 0x00000000   Number         0  .\objects\stm32f10x_adc.o ABSOLUTE
    Libraries\STM32F10x_StdPeriph_Driver\src\stm32f10x_exti.c 0x00000000   Number         0  .\objects\stm32f10x_exti.o ABSOLUTE
    Libraries\STM32F10x_StdPeriph_Driver\src\stm32f10x_gpio.c 0x00000000   Number         0  .\objects\stm32f10x_gpio.o ABSOLUTE
    Libraries\STM32F10x_StdPeriph_Driver\src\stm32f10x_pwr.c 0x00000000   Number         0  .\objects\stm32f10x_pwr.o ABSOLUTE
    Libraries\STM32F10x_StdPeriph_Driver\src\stm32f10x_rcc.c 0x00000000   Number         0  .\objects\stm32f10x_rcc.o ABSOLUTE
    Libraries\STM32F10x_StdPeriph_Driver\src\stm32f10x_tim.c 0x00000000   Number         0  .\objects\stm32f10x_tim.o ABSOLUTE
    Libraries\\CMSIS\\CM3\\CoreSupport\\core_cm3.c 0x00000000   Number         0  .\objects\core_cm3.o ABSOLUTE
    User\Function.c                          0x00000000   Number         0  .\objects\function.o ABSOLUTE
    User\Init.c                              0x00000000   Number         0  .\objects\init.o ABSOLUTE
    User\Main.c                              0x00000000   Number         0  .\objects\main.o ABSOLUTE
    User\stm32f10x_it.c                      0x00000000   Number         0  .\objects\stm32f10x_it.o ABSOLUTE
    dc.s                                     0x00000000   Number         0  C:\Shit Things\Keil\ARM\ARMCC\Bin\..\lib\armlib\mc_w.l(dc.o) ABSOLUTE
    handlers.s                               0x00000000   Number         0  C:\Shit Things\Keil\ARM\ARMCC\Bin\..\lib\armlib\mc_w.l(handlers.o) ABSOLUTE
    init.s                                   0x00000000   Number         0  C:\Shit Things\Keil\ARM\ARMCC\Bin\..\lib\armlib\mc_w.l(init.o) ABSOLUTE
    RESET                                    0x08000000   Section      304  .\objects\startup_stm32f10x_hd.o(RESET)
    .ARM.Collect$$$$00000000                 0x08000130   Section        0  C:\Shit Things\Keil\ARM\ARMCC\Bin\..\lib\armlib\mc_w.l(entry.o)(.ARM.Collect$$$$00000000)
    .ARM.Collect$$$$00000001                 0x08000130   Section        4  C:\Shit Things\Keil\ARM\ARMCC\Bin\..\lib\armlib\mc_w.l(entry2.o)(.ARM.Collect$$$$00000001)
    .ARM.Collect$$$$00000004                 0x08000134   Section        4  C:\Shit Things\Keil\ARM\ARMCC\Bin\..\lib\armlib\mc_w.l(entry5.o)(.ARM.Collect$$$$00000004)
    .ARM.Collect$$$$00000008                 0x08000138   Section        0  C:\Shit Things\Keil\ARM\ARMCC\Bin\..\lib\armlib\mc_w.l(entry7b.o)(.ARM.Collect$$$$00000008)
    .ARM.Collect$$$$0000000A                 0x08000138   Section        0  C:\Shit Things\Keil\ARM\ARMCC\Bin\..\lib\armlib\mc_w.l(entry8b.o)(.ARM.Collect$$$$0000000A)
    .ARM.Collect$$$$0000000B                 0x08000138   Section        8  C:\Shit Things\Keil\ARM\ARMCC\Bin\..\lib\armlib\mc_w.l(entry9a.o)(.ARM.Collect$$$$0000000B)
    .ARM.Collect$$$$0000000D                 0x08000140   Section        0  C:\Shit Things\Keil\ARM\ARMCC\Bin\..\lib\armlib\mc_w.l(entry10a.o)(.ARM.Collect$$$$0000000D)
    .ARM.Collect$$$$0000000F                 0x08000140   Section        0  C:\Shit Things\Keil\ARM\ARMCC\Bin\..\lib\armlib\mc_w.l(entry11a.o)(.ARM.Collect$$$$0000000F)
    .ARM.Collect$$$$00002712                 0x08000140   Section        4  C:\Shit Things\Keil\ARM\ARMCC\Bin\..\lib\armlib\mc_w.l(entry2.o)(.ARM.Collect$$$$00002712)
    __lit__00000000                          0x08000140   Data           4  C:\Shit Things\Keil\ARM\ARMCC\Bin\..\lib\armlib\mc_w.l(entry2.o)(.ARM.Collect$$$$00002712)
    .text                                    0x08000144   Section       36  .\objects\startup_stm32f10x_hd.o(.text)
    .text                                    0x08000168   Section        0  C:\Shit Things\Keil\ARM\ARMCC\Bin\..\lib\armlib\mc_w.l(strlen.o)(.text)
    .text                                    0x08000178   Section       36  C:\Shit Things\Keil\ARM\ARMCC\Bin\..\lib\armlib\mc_w.l(init.o)(.text)
    i.BusFault_Handler                       0x0800019c   Section        0  .\objects\stm32f10x_it.o(i.BusFault_Handler)
    i.CharCVT                                0x080001a0   Section        0  .\objects\function.o(i.CharCVT)
    i.ClearData                              0x0800044c   Section        0  .\objects\function.o(i.ClearData)
    i.DebugMon_Handler                       0x08000468   Section        0  .\objects\stm32f10x_it.o(i.DebugMon_Handler)
    i.Delay                                  0x0800046c   Section        0  .\objects\function.o(i.Delay)
    i.DisplayLine                            0x08000480   Section        0  .\objects\function.o(i.DisplayLine)
    i.DisplayOneIC                           0x080004b6   Section        0  .\objects\function.o(i.DisplayOneIC)
    i.DisplayWordGlobe                       0x0800057c   Section        0  .\objects\function.o(i.DisplayWordGlobe)
    i.EXTI9_5_IRQHandler                     0x080006f4   Section        0  .\objects\stm32f10x_it.o(i.EXTI9_5_IRQHandler)
    i.EXTI_ClearITPendingBit                 0x08000728   Section        0  .\objects\stm32f10x_exti.o(i.EXTI_ClearITPendingBit)
    i.EXTI_GetITStatus                       0x08000734   Section        0  .\objects\stm32f10x_exti.o(i.EXTI_GetITStatus)
    i.EXTI_Init                              0x0800075c   Section        0  .\objects\stm32f10x_exti.o(i.EXTI_Init)
    i.GPIO_EXTILineConfig                    0x080007f0   Section        0  .\objects\stm32f10x_gpio.o(i.GPIO_EXTILineConfig)
    i.GPIO_Init                              0x08000830   Section        0  .\objects\stm32f10x_gpio.o(i.GPIO_Init)
    i.GPIO_ResetBits                         0x08000946   Section        0  .\objects\stm32f10x_gpio.o(i.GPIO_ResetBits)
    i.GPIO_SetBits                           0x0800094a   Section        0  .\objects\stm32f10x_gpio.o(i.GPIO_SetBits)
    i.HardFault_Handler                      0x0800094e   Section        0  .\objects\stm32f10x_it.o(i.HardFault_Handler)
    i.Init_GPIO                              0x08000954   Section        0  .\objects\init.o(i.Init_GPIO)
    i.Init_Interrupt                         0x080009c8   Section        0  .\objects\init.o(i.Init_Interrupt)
    i.Init_Timer                             0x08000a20   Section        0  .\objects\init.o(i.Init_Timer)
    i.InputData                              0x08000a88   Section        0  .\objects\function.o(i.InputData)
    i.MemManage_Handler                      0x08000aa8   Section        0  .\objects\stm32f10x_it.o(i.MemManage_Handler)
    i.NMI_Handler                            0x08000aac   Section        0  .\objects\stm32f10x_it.o(i.NMI_Handler)
    i.NVIC_Init                              0x08000ab0   Section        0  .\objects\misc.o(i.NVIC_Init)
    i.PendSV_Handler                         0x08000b20   Section        0  .\objects\stm32f10x_it.o(i.PendSV_Handler)
    i.RCC_APB1PeriphClockCmd                 0x08000b24   Section        0  .\objects\stm32f10x_rcc.o(i.RCC_APB1PeriphClockCmd)
    i.RCC_APB2PeriphClockCmd                 0x08000b44   Section        0  .\objects\stm32f10x_rcc.o(i.RCC_APB2PeriphClockCmd)
    i.SVC_Handler                            0x08000b64   Section        0  .\objects\stm32f10x_it.o(i.SVC_Handler)
    i.SendData                               0x08000b68   Section        0  .\objects\function.o(i.SendData)
    i.SetSysClock                            0x08000b80   Section        0  .\objects\system_stm32f10x.o(i.SetSysClock)
    SetSysClock                              0x08000b81   Thumb Code     8  .\objects\system_stm32f10x.o(i.SetSysClock)
    i.SetSysClockTo72                        0x08000b88   Section        0  .\objects\system_stm32f10x.o(i.SetSysClockTo72)
    SetSysClockTo72                          0x08000b89   Thumb Code   214  .\objects\system_stm32f10x.o(i.SetSysClockTo72)
    i.ShiftLED                               0x08000c68   Section        0  .\objects\function.o(i.ShiftLED)
    i.StartPos                               0x08000c80   Section        0  .\objects\function.o(i.StartPos)
    i.SystemInit                             0x08000cb0   Section        0  .\objects\system_stm32f10x.o(i.SystemInit)
    i.TIM2_IRQHandler                        0x08000d10   Section        0  .\objects\stm32f10x_it.o(i.TIM2_IRQHandler)
    i.TIM_ClearFlag                          0x08000d44   Section        0  .\objects\stm32f10x_tim.o(i.TIM_ClearFlag)
    i.TIM_ClearITPendingBit                  0x08000d4a   Section        0  .\objects\stm32f10x_tim.o(i.TIM_ClearITPendingBit)
    i.TIM_Cmd                                0x08000d50   Section        0  .\objects\stm32f10x_tim.o(i.TIM_Cmd)
    i.TIM_GetITStatus                        0x08000d68   Section        0  .\objects\stm32f10x_tim.o(i.TIM_GetITStatus)
    i.TIM_ITConfig                           0x08000d8a   Section        0  .\objects\stm32f10x_tim.o(i.TIM_ITConfig)
    i.TIM_TimeBaseInit                       0x08000d9c   Section        0  .\objects\stm32f10x_tim.o(i.TIM_TimeBaseInit)
    i.UsageFault_Handler                     0x08000e40   Section        0  .\objects\stm32f10x_it.o(i.UsageFault_Handler)
    i.__scatterload_copy                     0x08000e44   Section       14  C:\Shit Things\Keil\ARM\ARMCC\Bin\..\lib\armlib\mc_w.l(handlers.o)(i.__scatterload_copy)
    i.__scatterload_null                     0x08000e52   Section        2  C:\Shit Things\Keil\ARM\ARMCC\Bin\..\lib\armlib\mc_w.l(handlers.o)(i.__scatterload_null)
    i.__scatterload_zeroinit                 0x08000e54   Section       14  C:\Shit Things\Keil\ARM\ARMCC\Bin\..\lib\armlib\mc_w.l(handlers.o)(i.__scatterload_zeroinit)
    i.main                                   0x08000e64   Section        0  .\objects\main.o(i.main)
    .data                                    0x20000000   Section       16  .\objects\stm32f10x_it.o(.data)
    STACK                                    0x20000010   Section     1024  .\objects\startup_stm32f10x_hd.o(STACK)

    Global Symbols

    Symbol Name                              Value     Ov Type        Size  Object(Section)

    BuildAttributes$$THM_ISAv4$P$D$K$B$S$PE$A:L22UL41UL21$X:L11$S22US41US21$IEEE1$IW$USESV6$~STKCKD$USESV7$~SHL$OSPACE$EBA8$MICROLIB$REQ8$PRES8$EABIv2 0x00000000   Number         0  anon$$obj.o ABSOLUTE
    __ARM_use_no_argv                        0x00000000   Number         0  .\objects\main.o ABSOLUTE
    __cpp_initialize__aeabi_                  - Undefined Weak Reference
    __cxa_finalize                            - Undefined Weak Reference
    __decompress                              - Undefined Weak Reference
    _clock_init                               - Undefined Weak Reference
    _microlib_exit                            - Undefined Weak Reference
    __Vectors_Size                           0x00000130   Number         0  .\objects\startup_stm32f10x_hd.o ABSOLUTE
    __Vectors                                0x08000000   Data           4  .\objects\startup_stm32f10x_hd.o(RESET)
    __Vectors_End                            0x08000130   Data           0  .\objects\startup_stm32f10x_hd.o(RESET)
    __main                                   0x08000131   Thumb Code     0  C:\Shit Things\Keil\ARM\ARMCC\Bin\..\lib\armlib\mc_w.l(entry.o)(.ARM.Collect$$$$00000000)
    _main_stk                                0x08000131   Thumb Code     0  C:\Shit Things\Keil\ARM\ARMCC\Bin\..\lib\armlib\mc_w.l(entry2.o)(.ARM.Collect$$$$00000001)
    _main_scatterload                        0x08000135   Thumb Code     0  C:\Shit Things\Keil\ARM\ARMCC\Bin\..\lib\armlib\mc_w.l(entry5.o)(.ARM.Collect$$$$00000004)
    __main_after_scatterload                 0x08000139   Thumb Code     0  C:\Shit Things\Keil\ARM\ARMCC\Bin\..\lib\armlib\mc_w.l(entry5.o)(.ARM.Collect$$$$00000004)
    _main_clock                              0x08000139   Thumb Code     0  C:\Shit Things\Keil\ARM\ARMCC\Bin\..\lib\armlib\mc_w.l(entry7b.o)(.ARM.Collect$$$$00000008)
    _main_cpp_init                           0x08000139   Thumb Code     0  C:\Shit Things\Keil\ARM\ARMCC\Bin\..\lib\armlib\mc_w.l(entry8b.o)(.ARM.Collect$$$$0000000A)
    _main_init                               0x08000139   Thumb Code     0  C:\Shit Things\Keil\ARM\ARMCC\Bin\..\lib\armlib\mc_w.l(entry9a.o)(.ARM.Collect$$$$0000000B)
    __rt_final_cpp                           0x08000141   Thumb Code     0  C:\Shit Things\Keil\ARM\ARMCC\Bin\..\lib\armlib\mc_w.l(entry10a.o)(.ARM.Collect$$$$0000000D)
    __rt_final_exit                          0x08000141   Thumb Code     0  C:\Shit Things\Keil\ARM\ARMCC\Bin\..\lib\armlib\mc_w.l(entry11a.o)(.ARM.Collect$$$$0000000F)
    Reset_Handler                            0x08000145   Thumb Code     8  .\objects\startup_stm32f10x_hd.o(.text)
    SysTick_Handler                          0x0800015d   Thumb Code     2  .\objects\startup_stm32f10x_hd.o(.text)
    ADC1_2_IRQHandler                        0x0800015f   Thumb Code     0  .\objects\startup_stm32f10x_hd.o(.text)
    ADC3_IRQHandler                          0x0800015f   Thumb Code     0  .\objects\startup_stm32f10x_hd.o(.text)
    CAN1_RX1_IRQHandler                      0x0800015f   Thumb Code     0  .\objects\startup_stm32f10x_hd.o(.text)
    CAN1_SCE_IRQHandler                      0x0800015f   Thumb Code     0  .\objects\startup_stm32f10x_hd.o(.text)
    DMA1_Channel1_IRQHandler                 0x0800015f   Thumb Code     0  .\objects\startup_stm32f10x_hd.o(.text)
    DMA1_Channel2_IRQHandler                 0x0800015f   Thumb Code     0  .\objects\startup_stm32f10x_hd.o(.text)
    DMA1_Channel3_IRQHandler                 0x0800015f   Thumb Code     0  .\objects\startup_stm32f10x_hd.o(.text)
    DMA1_Channel4_IRQHandler                 0x0800015f   Thumb Code     0  .\objects\startup_stm32f10x_hd.o(.text)
    DMA1_Channel5_IRQHandler                 0x0800015f   Thumb Code     0  .\objects\startup_stm32f10x_hd.o(.text)
    DMA1_Channel6_IRQHandler                 0x0800015f   Thumb Code     0  .\objects\startup_stm32f10x_hd.o(.text)
    DMA1_Channel7_IRQHandler                 0x0800015f   Thumb Code     0  .\objects\startup_stm32f10x_hd.o(.text)
    DMA2_Channel1_IRQHandler                 0x0800015f   Thumb Code     0  .\objects\startup_stm32f10x_hd.o(.text)
    DMA2_Channel2_IRQHandler                 0x0800015f   Thumb Code     0  .\objects\startup_stm32f10x_hd.o(.text)
    DMA2_Channel3_IRQHandler                 0x0800015f   Thumb Code     0  .\objects\startup_stm32f10x_hd.o(.text)
    DMA2_Channel4_5_IRQHandler               0x0800015f   Thumb Code     0  .\objects\startup_stm32f10x_hd.o(.text)
    EXTI0_IRQHandler                         0x0800015f   Thumb Code     0  .\objects\startup_stm32f10x_hd.o(.text)
    EXTI15_10_IRQHandler                     0x0800015f   Thumb Code     0  .\objects\startup_stm32f10x_hd.o(.text)
    EXTI1_IRQHandler                         0x0800015f   Thumb Code     0  .\objects\startup_stm32f10x_hd.o(.text)
    EXTI2_IRQHandler                         0x0800015f   Thumb Code     0  .\objects\startup_stm32f10x_hd.o(.text)
    EXTI3_IRQHandler                         0x0800015f   Thumb Code     0  .\objects\startup_stm32f10x_hd.o(.text)
    EXTI4_IRQHandler                         0x0800015f   Thumb Code     0  .\objects\startup_stm32f10x_hd.o(.text)
    FLASH_IRQHandler                         0x0800015f   Thumb Code     0  .\objects\startup_stm32f10x_hd.o(.text)
    FSMC_IRQHandler                          0x0800015f   Thumb Code     0  .\objects\startup_stm32f10x_hd.o(.text)
    I2C1_ER_IRQHandler                       0x0800015f   Thumb Code     0  .\objects\startup_stm32f10x_hd.o(.text)
    I2C1_EV_IRQHandler                       0x0800015f   Thumb Code     0  .\objects\startup_stm32f10x_hd.o(.text)
    I2C2_ER_IRQHandler                       0x0800015f   Thumb Code     0  .\objects\startup_stm32f10x_hd.o(.text)
    I2C2_EV_IRQHandler                       0x0800015f   Thumb Code     0  .\objects\startup_stm32f10x_hd.o(.text)
    PVD_IRQHandler                           0x0800015f   Thumb Code     0  .\objects\startup_stm32f10x_hd.o(.text)
    RCC_IRQHandler                           0x0800015f   Thumb Code     0  .\objects\startup_stm32f10x_hd.o(.text)
    RTCAlarm_IRQHandler                      0x0800015f   Thumb Code     0  .\objects\startup_stm32f10x_hd.o(.text)
    RTC_IRQHandler                           0x0800015f   Thumb Code     0  .\objects\startup_stm32f10x_hd.o(.text)
    SDIO_IRQHandler                          0x0800015f   Thumb Code     0  .\objects\startup_stm32f10x_hd.o(.text)
    SPI1_IRQHandler                          0x0800015f   Thumb Code     0  .\objects\startup_stm32f10x_hd.o(.text)
    SPI2_IRQHandler                          0x0800015f   Thumb Code     0  .\objects\startup_stm32f10x_hd.o(.text)
    SPI3_IRQHandler                          0x0800015f   Thumb Code     0  .\objects\startup_stm32f10x_hd.o(.text)
    TAMPER_IRQHandler                        0x0800015f   Thumb Code     0  .\objects\startup_stm32f10x_hd.o(.text)
    TIM1_BRK_IRQHandler                      0x0800015f   Thumb Code     0  .\objects\startup_stm32f10x_hd.o(.text)
    TIM1_CC_IRQHandler                       0x0800015f   Thumb Code     0  .\objects\startup_stm32f10x_hd.o(.text)
    TIM1_TRG_COM_IRQHandler                  0x0800015f   Thumb Code     0  .\objects\startup_stm32f10x_hd.o(.text)
    TIM1_UP_IRQHandler                       0x0800015f   Thumb Code     0  .\objects\startup_stm32f10x_hd.o(.text)
    TIM3_IRQHandler                          0x0800015f   Thumb Code     0  .\objects\startup_stm32f10x_hd.o(.text)
    TIM4_IRQHandler                          0x0800015f   Thumb Code     0  .\objects\startup_stm32f10x_hd.o(.text)
    TIM5_IRQHandler                          0x0800015f   Thumb Code     0  .\objects\startup_stm32f10x_hd.o(.text)
    TIM6_IRQHandler                          0x0800015f   Thumb Code     0  .\objects\startup_stm32f10x_hd.o(.text)
    TIM7_IRQHandler                          0x0800015f   Thumb Code     0  .\objects\startup_stm32f10x_hd.o(.text)
    TIM8_BRK_IRQHandler                      0x0800015f   Thumb Code     0  .\objects\startup_stm32f10x_hd.o(.text)
    TIM8_CC_IRQHandler                       0x0800015f   Thumb Code     0  .\objects\startup_stm32f10x_hd.o(.text)
    TIM8_TRG_COM_IRQHandler                  0x0800015f   Thumb Code     0  .\objects\startup_stm32f10x_hd.o(.text)
    TIM8_UP_IRQHandler                       0x0800015f   Thumb Code     0  .\objects\startup_stm32f10x_hd.o(.text)
    UART4_IRQHandler                         0x0800015f   Thumb Code     0  .\objects\startup_stm32f10x_hd.o(.text)
    UART5_IRQHandler                         0x0800015f   Thumb Code     0  .\objects\startup_stm32f10x_hd.o(.text)
    USART1_IRQHandler                        0x0800015f   Thumb Code     0  .\objects\startup_stm32f10x_hd.o(.text)
    USART2_IRQHandler                        0x0800015f   Thumb Code     0  .\objects\startup_stm32f10x_hd.o(.text)
    USART3_IRQHandler                        0x0800015f   Thumb Code     0  .\objects\startup_stm32f10x_hd.o(.text)
    USBWakeUp_IRQHandler                     0x0800015f   Thumb Code     0  .\objects\startup_stm32f10x_hd.o(.text)
    USB_HP_CAN1_TX_IRQHandler                0x0800015f   Thumb Code     0  .\objects\startup_stm32f10x_hd.o(.text)
    USB_LP_CAN1_RX0_IRQHandler               0x0800015f   Thumb Code     0  .\objects\startup_stm32f10x_hd.o(.text)
    WWDG_IRQHandler                          0x0800015f   Thumb Code     0  .\objects\startup_stm32f10x_hd.o(.text)
    strlen                                   0x08000169   Thumb Code    14  C:\Shit Things\Keil\ARM\ARMCC\Bin\..\lib\armlib\mc_w.l(strlen.o)(.text)
    __scatterload                            0x08000179   Thumb Code    28  C:\Shit Things\Keil\ARM\ARMCC\Bin\..\lib\armlib\mc_w.l(init.o)(.text)
    __scatterload_rt2                        0x08000179   Thumb Code     0  C:\Shit Things\Keil\ARM\ARMCC\Bin\..\lib\armlib\mc_w.l(init.o)(.text)
    BusFault_Handler                         0x0800019d   Thumb Code     4  .\objects\stm32f10x_it.o(i.BusFault_Handler)
    CharCVT                                  0x080001a1   Thumb Code   476  .\objects\function.o(i.CharCVT)
    ClearData                                0x0800044d   Thumb Code    24  .\objects\function.o(i.ClearData)
    DebugMon_Handler                         0x08000469   Thumb Code     2  .\objects\stm32f10x_it.o(i.DebugMon_Handler)
    Delay                                    0x0800046d   Thumb Code    16  .\objects\function.o(i.Delay)
    DisplayLine                              0x08000481   Thumb Code    54  .\objects\function.o(i.DisplayLine)
    DisplayOneIC                             0x080004b7   Thumb Code   198  .\objects\function.o(i.DisplayOneIC)
    DisplayWordGlobe                         0x0800057d   Thumb Code   370  .\objects\function.o(i.DisplayWordGlobe)
    EXTI9_5_IRQHandler                       0x080006f5   Thumb Code    44  .\objects\stm32f10x_it.o(i.EXTI9_5_IRQHandler)
    EXTI_ClearITPendingBit                   0x08000729   Thumb Code     6  .\objects\stm32f10x_exti.o(i.EXTI_ClearITPendingBit)
    EXTI_GetITStatus                         0x08000735   Thumb Code    34  .\objects\stm32f10x_exti.o(i.EXTI_GetITStatus)
    EXTI_Init                                0x0800075d   Thumb Code   142  .\objects\stm32f10x_exti.o(i.EXTI_Init)
    GPIO_EXTILineConfig                      0x080007f1   Thumb Code    60  .\objects\stm32f10x_gpio.o(i.GPIO_EXTILineConfig)
    GPIO_Init                                0x08000831   Thumb Code   278  .\objects\stm32f10x_gpio.o(i.GPIO_Init)
    GPIO_ResetBits                           0x08000947   Thumb Code     4  .\objects\stm32f10x_gpio.o(i.GPIO_ResetBits)
    GPIO_SetBits                             0x0800094b   Thumb Code     4  .\objects\stm32f10x_gpio.o(i.GPIO_SetBits)
    HardFault_Handler                        0x0800094f   Thumb Code     4  .\objects\stm32f10x_it.o(i.HardFault_Handler)
    Init_GPIO                                0x08000955   Thumb Code   106  .\objects\init.o(i.Init_GPIO)
    Init_Interrupt                           0x080009c9   Thumb Code    88  .\objects\init.o(i.Init_Interrupt)
    Init_Timer                               0x08000a21   Thumb Code   102  .\objects\init.o(i.Init_Timer)
    InputData                                0x08000a89   Thumb Code    26  .\objects\function.o(i.InputData)
    MemManage_Handler                        0x08000aa9   Thumb Code     4  .\objects\stm32f10x_it.o(i.MemManage_Handler)
    NMI_Handler                              0x08000aad   Thumb Code     2  .\objects\stm32f10x_it.o(i.NMI_Handler)
    NVIC_Init                                0x08000ab1   Thumb Code   100  .\objects\misc.o(i.NVIC_Init)
    PendSV_Handler                           0x08000b21   Thumb Code     2  .\objects\stm32f10x_it.o(i.PendSV_Handler)
    RCC_APB1PeriphClockCmd                   0x08000b25   Thumb Code    26  .\objects\stm32f10x_rcc.o(i.RCC_APB1PeriphClockCmd)
    RCC_APB2PeriphClockCmd                   0x08000b45   Thumb Code    26  .\objects\stm32f10x_rcc.o(i.RCC_APB2PeriphClockCmd)
    SVC_Handler                              0x08000b65   Thumb Code     2  .\objects\stm32f10x_it.o(i.SVC_Handler)
    SendData                                 0x08000b69   Thumb Code    20  .\objects\function.o(i.SendData)
    ShiftLED                                 0x08000c69   Thumb Code    20  .\objects\function.o(i.ShiftLED)
    StartPos                                 0x08000c81   Thumb Code    38  .\objects\function.o(i.StartPos)
    SystemInit                               0x08000cb1   Thumb Code    78  .\objects\system_stm32f10x.o(i.SystemInit)
    TIM2_IRQHandler                          0x08000d11   Thumb Code    42  .\objects\stm32f10x_it.o(i.TIM2_IRQHandler)
    TIM_ClearFlag                            0x08000d45   Thumb Code     6  .\objects\stm32f10x_tim.o(i.TIM_ClearFlag)
    TIM_ClearITPendingBit                    0x08000d4b   Thumb Code     6  .\objects\stm32f10x_tim.o(i.TIM_ClearITPendingBit)
    TIM_Cmd                                  0x08000d51   Thumb Code    24  .\objects\stm32f10x_tim.o(i.TIM_Cmd)
    TIM_GetITStatus                          0x08000d69   Thumb Code    34  .\objects\stm32f10x_tim.o(i.TIM_GetITStatus)
    TIM_ITConfig                             0x08000d8b   Thumb Code    18  .\objects\stm32f10x_tim.o(i.TIM_ITConfig)
    TIM_TimeBaseInit                         0x08000d9d   Thumb Code   122  .\objects\stm32f10x_tim.o(i.TIM_TimeBaseInit)
    UsageFault_Handler                       0x08000e41   Thumb Code     4  .\objects\stm32f10x_it.o(i.UsageFault_Handler)
    __scatterload_copy                       0x08000e45   Thumb Code    14  C:\Shit Things\Keil\ARM\ARMCC\Bin\..\lib\armlib\mc_w.l(handlers.o)(i.__scatterload_copy)
    __scatterload_null                       0x08000e53   Thumb Code     2  C:\Shit Things\Keil\ARM\ARMCC\Bin\..\lib\armlib\mc_w.l(handlers.o)(i.__scatterload_null)
    __scatterload_zeroinit                   0x08000e55   Thumb Code    14  C:\Shit Things\Keil\ARM\ARMCC\Bin\..\lib\armlib\mc_w.l(handlers.o)(i.__scatterload_zeroinit)
    main                                     0x08000e65   Thumb Code    40  .\objects\main.o(i.main)
    Region$$Table$$Base                      0x08000ea0   Number         0  anon$$obj.o(Region$$Table)
    Region$$Table$$Limit                     0x08000ec0   Number         0  anon$$obj.o(Region$$Table)
    TimingDelay                              0x20000000   Data           4  .\objects\stm32f10x_it.o(.data)
    TimingPos                                0x20000004   Data           4  .\objects\stm32f10x_it.o(.data)
    TimePerAngle                             0x20000008   Data           4  .\objects\stm32f10x_it.o(.data)
    TimePerRound                             0x2000000c   Data           4  .\objects\stm32f10x_it.o(.data)
    __initial_sp                             0x20000410   Data           0  .\objects\startup_stm32f10x_hd.o(STACK)



==============================================================================

Memory Map of the image

  Image Entry point : 0x08000145

  Load Region LR_1 (Base: 0x08000000, Size: 0x00000ed0, Max: 0xffffffff, ABSOLUTE)

    Execution Region ER_RO (Exec base: 0x08000000, Load base: 0x08000000, Size: 0x00000ec0, Max: 0xffffffff, ABSOLUTE)

    Exec Addr    Load Addr    Size         Type   Attr      Idx    E Section Name        Object

    0x08000000   0x08000000   0x00000130   Data   RO            3    RESET               .\objects\startup_stm32f10x_hd.o
    0x08000130   0x08000130   0x00000000   Code   RO         1581  * .ARM.Collect$$$$00000000  C:\Shit Things\Keil\ARM\ARMCC\Bin\..\lib\armlib\mc_w.l(entry.o)
    0x08000130   0x08000130   0x00000004   Code   RO         1586    .ARM.Collect$$$$00000001  C:\Shit Things\Keil\ARM\ARMCC\Bin\..\lib\armlib\mc_w.l(entry2.o)
    0x08000134   0x08000134   0x00000004   Code   RO         1589    .ARM.Collect$$$$00000004  C:\Shit Things\Keil\ARM\ARMCC\Bin\..\lib\armlib\mc_w.l(entry5.o)
    0x08000138   0x08000138   0x00000000   Code   RO         1591    .ARM.Collect$$$$00000008  C:\Shit Things\Keil\ARM\ARMCC\Bin\..\lib\armlib\mc_w.l(entry7b.o)
    0x08000138   0x08000138   0x00000000   Code   RO         1593    .ARM.Collect$$$$0000000A  C:\Shit Things\Keil\ARM\ARMCC\Bin\..\lib\armlib\mc_w.l(entry8b.o)
    0x08000138   0x08000138   0x00000008   Code   RO         1594    .ARM.Collect$$$$0000000B  C:\Shit Things\Keil\ARM\ARMCC\Bin\..\lib\armlib\mc_w.l(entry9a.o)
    0x08000140   0x08000140   0x00000000   Code   RO         1596    .ARM.Collect$$$$0000000D  C:\Shit Things\Keil\ARM\ARMCC\Bin\..\lib\armlib\mc_w.l(entry10a.o)
    0x08000140   0x08000140   0x00000000   Code   RO         1598    .ARM.Collect$$$$0000000F  C:\Shit Things\Keil\ARM\ARMCC\Bin\..\lib\armlib\mc_w.l(entry11a.o)
    0x08000140   0x08000140   0x00000004   Code   RO         1587    .ARM.Collect$$$$00002712  C:\Shit Things\Keil\ARM\ARMCC\Bin\..\lib\armlib\mc_w.l(entry2.o)
    0x08000144   0x08000144   0x00000024   Code   RO            4  * .text               .\objects\startup_stm32f10x_hd.o
    0x08000168   0x08000168   0x0000000e   Code   RO         1584    .text               C:\Shit Things\Keil\ARM\ARMCC\Bin\..\lib\armlib\mc_w.l(strlen.o)
    0x08000176   0x08000176   0x00000002   PAD
    0x08000178   0x08000178   0x00000024   Code   RO         1600    .text               C:\Shit Things\Keil\ARM\ARMCC\Bin\..\lib\armlib\mc_w.l(init.o)
    0x0800019c   0x0800019c   0x00000004   Code   RO         1421    i.BusFault_Handler  .\objects\stm32f10x_it.o
    0x080001a0   0x080001a0   0x000002ac   Code   RO         1499    i.CharCVT           .\objects\function.o
    0x0800044c   0x0800044c   0x0000001c   Code   RO         1500    i.ClearData         .\objects\function.o
    0x08000468   0x08000468   0x00000002   Code   RO         1422    i.DebugMon_Handler  .\objects\stm32f10x_it.o
    0x0800046a   0x0800046a   0x00000002   PAD
    0x0800046c   0x0800046c   0x00000014   Code   RO         1501    i.Delay             .\objects\function.o
    0x08000480   0x08000480   0x00000036   Code   RO         1502    i.DisplayLine       .\objects\function.o
    0x080004b6   0x080004b6   0x000000c6   Code   RO         1503    i.DisplayOneIC      .\objects\function.o
    0x0800057c   0x0800057c   0x00000178   Code   RO         1504    i.DisplayWordGlobe  .\objects\function.o
    0x080006f4   0x080006f4   0x00000034   Code   RO         1423    i.EXTI9_5_IRQHandler  .\objects\stm32f10x_it.o
    0x08000728   0x08000728   0x0000000c   Code   RO          419    i.EXTI_ClearITPendingBit  .\objects\stm32f10x_exti.o
    0x08000734   0x08000734   0x00000028   Code   RO          423    i.EXTI_GetITStatus  .\objects\stm32f10x_exti.o
    0x0800075c   0x0800075c   0x00000094   Code   RO          424    i.EXTI_Init         .\objects\stm32f10x_exti.o
    0x080007f0   0x080007f0   0x00000040   Code   RO          475    i.GPIO_EXTILineConfig  .\objects\stm32f10x_gpio.o
    0x08000830   0x08000830   0x00000116   Code   RO          478    i.GPIO_Init         .\objects\stm32f10x_gpio.o
    0x08000946   0x08000946   0x00000004   Code   RO          485    i.GPIO_ResetBits    .\objects\stm32f10x_gpio.o
    0x0800094a   0x0800094a   0x00000004   Code   RO          486    i.GPIO_SetBits      .\objects\stm32f10x_gpio.o
    0x0800094e   0x0800094e   0x00000004   Code   RO         1424    i.HardFault_Handler  .\objects\stm32f10x_it.o
    0x08000952   0x08000952   0x00000002   PAD
    0x08000954   0x08000954   0x00000074   Code   RO         1394    i.Init_GPIO         .\objects\init.o
    0x080009c8   0x080009c8   0x00000058   Code   RO         1395    i.Init_Interrupt    .\objects\init.o
    0x08000a20   0x08000a20   0x00000066   Code   RO         1396    i.Init_Timer        .\objects\init.o
    0x08000a86   0x08000a86   0x00000002   PAD
    0x08000a88   0x08000a88   0x00000020   Code   RO         1505    i.InputData         .\objects\function.o
    0x08000aa8   0x08000aa8   0x00000004   Code   RO         1425    i.MemManage_Handler  .\objects\stm32f10x_it.o
    0x08000aac   0x08000aac   0x00000002   Code   RO         1426    i.NMI_Handler       .\objects\stm32f10x_it.o
    0x08000aae   0x08000aae   0x00000002   PAD
    0x08000ab0   0x08000ab0   0x00000070   Code   RO          137    i.NVIC_Init         .\objects\misc.o
    0x08000b20   0x08000b20   0x00000002   Code   RO         1427    i.PendSV_Handler    .\objects\stm32f10x_it.o
    0x08000b22   0x08000b22   0x00000002   PAD
    0x08000b24   0x08000b24   0x00000020   Code   RO          648    i.RCC_APB1PeriphClockCmd  .\objects\stm32f10x_rcc.o
    0x08000b44   0x08000b44   0x00000020   Code   RO          650    i.RCC_APB2PeriphClockCmd  .\objects\stm32f10x_rcc.o
    0x08000b64   0x08000b64   0x00000002   Code   RO         1428    i.SVC_Handler       .\objects\stm32f10x_it.o
    0x08000b66   0x08000b66   0x00000002   PAD
    0x08000b68   0x08000b68   0x00000018   Code   RO         1506    i.SendData          .\objects\function.o
    0x08000b80   0x08000b80   0x00000008   Code   RO           24    i.SetSysClock       .\objects\system_stm32f10x.o
    0x08000b88   0x08000b88   0x000000e0   Code   RO           25    i.SetSysClockTo72   .\objects\system_stm32f10x.o
    0x08000c68   0x08000c68   0x00000018   Code   RO         1507    i.ShiftLED          .\objects\function.o
    0x08000c80   0x08000c80   0x00000030   Code   RO         1508    i.StartPos          .\objects\function.o
    0x08000cb0   0x08000cb0   0x00000060   Code   RO           27    i.SystemInit        .\objects\system_stm32f10x.o
    0x08000d10   0x08000d10   0x00000034   Code   RO         1429    i.TIM2_IRQHandler   .\objects\stm32f10x_it.o
    0x08000d44   0x08000d44   0x00000006   Code   RO          856    i.TIM_ClearFlag     .\objects\stm32f10x_tim.o
    0x08000d4a   0x08000d4a   0x00000006   Code   RO          857    i.TIM_ClearITPendingBit  .\objects\stm32f10x_tim.o
    0x08000d50   0x08000d50   0x00000018   Code   RO          862    i.TIM_Cmd           .\objects\stm32f10x_tim.o
    0x08000d68   0x08000d68   0x00000022   Code   RO          883    i.TIM_GetITStatus   .\objects\stm32f10x_tim.o
    0x08000d8a   0x08000d8a   0x00000012   Code   RO          887    i.TIM_ITConfig      .\objects\stm32f10x_tim.o
    0x08000d9c   0x08000d9c   0x000000a4   Code   RO          933    i.TIM_TimeBaseInit  .\objects\stm32f10x_tim.o
    0x08000e40   0x08000e40   0x00000004   Code   RO         1430    i.UsageFault_Handler  .\objects\stm32f10x_it.o
    0x08000e44   0x08000e44   0x0000000e   Code   RO         1604    i.__scatterload_copy  C:\Shit Things\Keil\ARM\ARMCC\Bin\..\lib\armlib\mc_w.l(handlers.o)
    0x08000e52   0x08000e52   0x00000002   Code   RO         1605    i.__scatterload_null  C:\Shit Things\Keil\ARM\ARMCC\Bin\..\lib\armlib\mc_w.l(handlers.o)
    0x08000e54   0x08000e54   0x0000000e   Code   RO         1606    i.__scatterload_zeroinit  C:\Shit Things\Keil\ARM\ARMCC\Bin\..\lib\armlib\mc_w.l(handlers.o)
    0x08000e62   0x08000e62   0x00000002   PAD
    0x08000e64   0x08000e64   0x0000003c   Code   RO         1569    i.main              .\objects\main.o
    0x08000ea0   0x08000ea0   0x00000020   Data   RO         1602    Region$$Table       anon$$obj.o


    Execution Region ER_RW (Exec base: 0x20000000, Load base: 0x08000ec0, Size: 0x00000010, Max: 0xffffffff, ABSOLUTE)

    Exec Addr    Load Addr    Size         Type   Attr      Idx    E Section Name        Object

    0x20000000   0x08000ec0   0x00000010   Data   RW         1431    .data               .\objects\stm32f10x_it.o


    Execution Region ER_ZI (Exec base: 0x20000010, Load base: 0x08000ed0, Size: 0x00000400, Max: 0xffffffff, ABSOLUTE)

    Exec Addr    Load Addr    Size         Type   Attr      Idx    E Section Name        Object

    0x20000010        -       0x00000400   Zero   RW            1    STACK               .\objects\startup_stm32f10x_hd.o


==============================================================================

Image component sizes


      Code (inc. data)   RO Data    RW Data    ZI Data      Debug   Object Name

         0          0          0          0          0       4524   .\objects\core_cm3.o
      1488        266          0          0          0       6767   .\objects\function.o
       306         10          0          0          0       1494   .\objects\init.o
        60         20          0          0          0        431   .\objects\main.o
       112         12          0          0          0     206960   .\objects\misc.o
        36          8        304          0       1024        912   .\objects\startup_stm32f10x_hd.o
       200         18          0          0          0       2316   .\objects\stm32f10x_exti.o
       350          4          0          0          0       3870   .\objects\stm32f10x_gpio.o
       128         18          0         16          0       4457   .\objects\stm32f10x_it.o
        64         12          0          0          0       1178   .\objects\stm32f10x_rcc.o
       252         42          0          0          0       4350   .\objects\stm32f10x_tim.o
       328         28          0          0          0      31113   .\objects\system_stm32f10x.o

    ----------------------------------------------------------------------
      3336        438        336         16       1024     268372   Object Totals
         0          0         32          0          0          0   (incl. Generated)
        12          0          0          0          0          0   (incl. Padding)

    ----------------------------------------------------------------------

      Code (inc. data)   RO Data    RW Data    ZI Data      Debug   Library Member Name

         0          0          0          0          0          0   C:\Shit Things\Keil\ARM\ARMCC\Bin\..\lib\armlib\mc_w.l(entry.o)
         0          0          0          0          0          0   C:\Shit Things\Keil\ARM\ARMCC\Bin\..\lib\armlib\mc_w.l(entry10a.o)
         0          0          0          0          0          0   C:\Shit Things\Keil\ARM\ARMCC\Bin\..\lib\armlib\mc_w.l(entry11a.o)
         8          4          0          0          0          0   C:\Shit Things\Keil\ARM\ARMCC\Bin\..\lib\armlib\mc_w.l(entry2.o)
         4          0          0          0          0          0   C:\Shit Things\Keil\ARM\ARMCC\Bin\..\lib\armlib\mc_w.l(entry5.o)
         0          0          0          0          0          0   C:\Shit Things\Keil\ARM\ARMCC\Bin\..\lib\armlib\mc_w.l(entry7b.o)
         0          0          0          0          0          0   C:\Shit Things\Keil\ARM\ARMCC\Bin\..\lib\armlib\mc_w.l(entry8b.o)
         8          4          0          0          0          0   C:\Shit Things\Keil\ARM\ARMCC\Bin\..\lib\armlib\mc_w.l(entry9a.o)
        30          0          0          0          0          0   C:\Shit Things\Keil\ARM\ARMCC\Bin\..\lib\armlib\mc_w.l(handlers.o)
        36          8          0          0          0         68   C:\Shit Things\Keil\ARM\ARMCC\Bin\..\lib\armlib\mc_w.l(init.o)
        14          0          0          0          0         68   C:\Shit Things\Keil\ARM\ARMCC\Bin\..\lib\armlib\mc_w.l(strlen.o)

    ----------------------------------------------------------------------
       104         16          0          0          0        136   Library Totals
         4          0          0          0          0          0   (incl. Padding)

    ----------------------------------------------------------------------

      Code (inc. data)   RO Data    RW Data    ZI Data      Debug   Library Name

       100         16          0          0          0        136   C:\Shit Things\Keil\ARM\ARMCC\Bin\..\lib\armlib\mc_w.l

    ----------------------------------------------------------------------
       104         16          0          0          0        136   Library Totals

    ----------------------------------------------------------------------

==============================================================================


      Code (inc. data)   RO Data    RW Data    ZI Data      Debug   

      3440        454        336         16       1024     266632   Grand Totals
      3440        454        336         16       1024     266632   ELF Image Totals
      3440        454        336         16          0          0   ROM Totals

==============================================================================

    Total RO  Size (Code + RO Data)                 3776 (   3.69kB)
    Total RW  Size (RW Data + ZI Data)              1040 (   1.02kB)
    Total ROM Size (Code + RO Data + RW Data)       3792 (   3.70kB)

==============================================================================

