Component: ARM Compiler 5.06 update 6 (build 750) Tool: armlink [4d35ed]

==============================================================================

Section Cross References

    .\objects\startup_stm32f10x_hd.o(RESET) refers to .\objects\startup_stm32f10x_hd.o(STACK) for __initial_sp
    .\objects\startup_stm32f10x_hd.o(RESET) refers to .\objects\startup_stm32f10x_hd.o(.text) for Reset_Handler
    .\objects\startup_stm32f10x_hd.o(RESET) refers to .\objects\init.o(i.SysTick_Handler) for SysTick_Handler
    .\objects\startup_stm32f10x_hd.o(.text) refers to .\objects\system_stm32f10x.o(i.SystemInit) for SystemInit
    .\objects\startup_stm32f10x_hd.o(.text) refers to C:\Keil_v5\ARM\ARMCC\Bin\..\lib\armlib\mc_w.l(entry.o)(.ARM.Collect$$$$00000000) for __main
    .\objects\system_stm32f10x.o(i.SetSysClock) refers to .\objects\system_stm32f10x.o(i.SetSysClockTo72) for SetSysClockTo72
    .\objects\system_stm32f10x.o(i.SystemCoreClockUpdate) refers to .\objects\system_stm32f10x.o(.data) for SystemCoreClock
    .\objects\system_stm32f10x.o(i.SystemInit) refers to .\objects\system_stm32f10x.o(i.SetSysClock) for SetSysClock
    .\objects\stm32f10x_adc.o(i.ADC_DeInit) refers to .\objects\stm32f10x_rcc.o(i.RCC_APB2PeriphResetCmd) for RCC_APB2PeriphResetCmd
    .\objects\stm32f10x_gpio.o(i.GPIO_AFIODeInit) refers to .\objects\stm32f10x_rcc.o(i.RCC_APB2PeriphResetCmd) for RCC_APB2PeriphResetCmd
    .\objects\stm32f10x_gpio.o(i.GPIO_DeInit) refers to .\objects\stm32f10x_rcc.o(i.RCC_APB2PeriphResetCmd) for RCC_APB2PeriphResetCmd
    .\objects\stm32f10x_pwr.o(i.PWR_DeInit) refers to .\objects\stm32f10x_rcc.o(i.RCC_APB1PeriphResetCmd) for RCC_APB1PeriphResetCmd
    .\objects\stm32f10x_rcc.o(i.RCC_GetClocksFreq) refers to .\objects\stm32f10x_rcc.o(.data) for APBAHBPrescTable
    .\objects\stm32f10x_rcc.o(i.RCC_WaitForHSEStartUp) refers to .\objects\stm32f10x_rcc.o(i.RCC_GetFlagStatus) for RCC_GetFlagStatus
    .\objects\stm32f10x_tim.o(i.TIM_DeInit) refers to .\objects\stm32f10x_rcc.o(i.RCC_APB2PeriphResetCmd) for RCC_APB2PeriphResetCmd
    .\objects\stm32f10x_tim.o(i.TIM_DeInit) refers to .\objects\stm32f10x_rcc.o(i.RCC_APB1PeriphResetCmd) for RCC_APB1PeriphResetCmd
    .\objects\stm32f10x_tim.o(i.TIM_ETRClockMode1Config) refers to .\objects\stm32f10x_tim.o(i.TIM_ETRConfig) for TIM_ETRConfig
    .\objects\stm32f10x_tim.o(i.TIM_ETRClockMode2Config) refers to .\objects\stm32f10x_tim.o(i.TIM_ETRConfig) for TIM_ETRConfig
    .\objects\stm32f10x_tim.o(i.TIM_ICInit) refers to .\objects\stm32f10x_tim.o(i.TI1_Config) for TI1_Config
    .\objects\stm32f10x_tim.o(i.TIM_ICInit) refers to .\objects\stm32f10x_tim.o(i.TIM_SetIC1Prescaler) for TIM_SetIC1Prescaler
    .\objects\stm32f10x_tim.o(i.TIM_ICInit) refers to .\objects\stm32f10x_tim.o(i.TI2_Config) for TI2_Config
    .\objects\stm32f10x_tim.o(i.TIM_ICInit) refers to .\objects\stm32f10x_tim.o(i.TIM_SetIC2Prescaler) for TIM_SetIC2Prescaler
    .\objects\stm32f10x_tim.o(i.TIM_ICInit) refers to .\objects\stm32f10x_tim.o(i.TI3_Config) for TI3_Config
    .\objects\stm32f10x_tim.o(i.TIM_ICInit) refers to .\objects\stm32f10x_tim.o(i.TIM_SetIC3Prescaler) for TIM_SetIC3Prescaler
    .\objects\stm32f10x_tim.o(i.TIM_ICInit) refers to .\objects\stm32f10x_tim.o(i.TI4_Config) for TI4_Config
    .\objects\stm32f10x_tim.o(i.TIM_ICInit) refers to .\objects\stm32f10x_tim.o(i.TIM_SetIC4Prescaler) for TIM_SetIC4Prescaler
    .\objects\stm32f10x_tim.o(i.TIM_ITRxExternalClockConfig) refers to .\objects\stm32f10x_tim.o(i.TIM_SelectInputTrigger) for TIM_SelectInputTrigger
    .\objects\stm32f10x_tim.o(i.TIM_PWMIConfig) refers to .\objects\stm32f10x_tim.o(i.TI1_Config) for TI1_Config
    .\objects\stm32f10x_tim.o(i.TIM_PWMIConfig) refers to .\objects\stm32f10x_tim.o(i.TIM_SetIC1Prescaler) for TIM_SetIC1Prescaler
    .\objects\stm32f10x_tim.o(i.TIM_PWMIConfig) refers to .\objects\stm32f10x_tim.o(i.TI2_Config) for TI2_Config
    .\objects\stm32f10x_tim.o(i.TIM_PWMIConfig) refers to .\objects\stm32f10x_tim.o(i.TIM_SetIC2Prescaler) for TIM_SetIC2Prescaler
    .\objects\stm32f10x_tim.o(i.TIM_TIxExternalClockConfig) refers to .\objects\stm32f10x_tim.o(i.TI2_Config) for TI2_Config
    .\objects\stm32f10x_tim.o(i.TIM_TIxExternalClockConfig) refers to .\objects\stm32f10x_tim.o(i.TI1_Config) for TI1_Config
    .\objects\stm32f10x_tim.o(i.TIM_TIxExternalClockConfig) refers to .\objects\stm32f10x_tim.o(i.TIM_SelectInputTrigger) for TIM_SelectInputTrigger
    .\objects\init.o(i.DelayUs) refers to .\objects\init.o(.data) for TimingDelay
    .\objects\init.o(i.Init_Delay) refers to .\objects\system_stm32f10x.o(.data) for SystemCoreClock
    .\objects\init.o(i.Init_GPIO) refers to .\objects\stm32f10x_rcc.o(i.RCC_APB2PeriphClockCmd) for RCC_APB2PeriphClockCmd
    .\objects\init.o(i.Init_GPIO) refers to .\objects\stm32f10x_gpio.o(i.GPIO_Init) for GPIO_Init
    .\objects\init.o(i.Init_GPIO) refers to .\objects\stm32f10x_gpio.o(i.GPIO_ResetBits) for GPIO_ResetBits
    .\objects\init.o(i.Init_GPIO) refers to .\objects\stm32f10x_gpio.o(i.GPIO_SetBits) for GPIO_SetBits
    .\objects\init.o(i.SysTick_Handler) refers to .\objects\init.o(.data) for TimingDelay
    .\objects\function.o(i.ClearData) refers to .\objects\stm32f10x_gpio.o(i.GPIO_SetBits) for GPIO_SetBits
    .\objects\function.o(i.ClearData) refers to .\objects\stm32f10x_gpio.o(i.GPIO_ResetBits) for GPIO_ResetBits
    .\objects\function.o(i.ClearData) refers to .\objects\function.o(i.SendData) for SendData
    .\objects\function.o(i.DisplayChar) refers to .\objects\function.o(i.DisplayLine) for DisplayLine
    .\objects\function.o(i.DisplayChar) refers to .\objects\init.o(i.DelayUs) for DelayUs
    .\objects\function.o(i.DisplayChar) refers to .\objects\function.o(.data) for A
    .\objects\function.o(i.DisplayLine) refers to .\objects\function.o(i.DisplayOneIC) for DisplayOneIC
    .\objects\function.o(i.DisplayLine) refers to .\objects\function.o(i.SendData) for SendData
    .\objects\function.o(i.DisplayOneIC) refers to .\objects\function.o(i.InputData) for InputData
    .\objects\function.o(i.DisplayOneIC) refers to .\objects\function.o(i.ShiftLED) for ShiftLED
    .\objects\function.o(i.DisplayWord) refers to .\objects\function.o(i.DisplayChar) for DisplayChar
    .\objects\function.o(i.InputData) refers to .\objects\stm32f10x_gpio.o(i.GPIO_SetBits) for GPIO_SetBits
    .\objects\function.o(i.InputData) refers to .\objects\stm32f10x_gpio.o(i.GPIO_ResetBits) for GPIO_ResetBits
    .\objects\function.o(i.SendData) refers to .\objects\stm32f10x_gpio.o(i.GPIO_ResetBits) for GPIO_ResetBits
    .\objects\function.o(i.SendData) refers to .\objects\stm32f10x_gpio.o(i.GPIO_SetBits) for GPIO_SetBits
    .\objects\function.o(i.ShiftLED) refers to .\objects\stm32f10x_gpio.o(i.GPIO_ResetBits) for GPIO_ResetBits
    .\objects\function.o(i.ShiftLED) refers to .\objects\stm32f10x_gpio.o(i.GPIO_SetBits) for GPIO_SetBits
    .\objects\main.o(i.main) refers to .\objects\init.o(i.Init_GPIO) for Init_GPIO
    .\objects\main.o(i.main) refers to .\objects\init.o(i.Init_Delay) for Init_Delay
    .\objects\main.o(i.main) refers to .\objects\function.o(i.DisplayWord) for DisplayWord
    C:\Keil_v5\ARM\ARMCC\Bin\..\lib\armlib\mc_w.l(entry.o)(.ARM.Collect$$$$00000000) refers (Special) to C:\Keil_v5\ARM\ARMCC\Bin\..\lib\armlib\mc_w.l(entry10a.o)(.ARM.Collect$$$$0000000D) for __rt_final_cpp
    C:\Keil_v5\ARM\ARMCC\Bin\..\lib\armlib\mc_w.l(entry.o)(.ARM.Collect$$$$00000000) refers (Special) to C:\Keil_v5\ARM\ARMCC\Bin\..\lib\armlib\mc_w.l(entry11a.o)(.ARM.Collect$$$$0000000F) for __rt_final_exit
    C:\Keil_v5\ARM\ARMCC\Bin\..\lib\armlib\mc_w.l(entry.o)(.ARM.Collect$$$$00000000) refers (Special) to C:\Keil_v5\ARM\ARMCC\Bin\..\lib\armlib\mc_w.l(entry7b.o)(.ARM.Collect$$$$00000008) for _main_clock
    C:\Keil_v5\ARM\ARMCC\Bin\..\lib\armlib\mc_w.l(entry.o)(.ARM.Collect$$$$00000000) refers (Special) to C:\Keil_v5\ARM\ARMCC\Bin\..\lib\armlib\mc_w.l(entry8b.o)(.ARM.Collect$$$$0000000A) for _main_cpp_init
    C:\Keil_v5\ARM\ARMCC\Bin\..\lib\armlib\mc_w.l(entry.o)(.ARM.Collect$$$$00000000) refers (Special) to C:\Keil_v5\ARM\ARMCC\Bin\..\lib\armlib\mc_w.l(entry9a.o)(.ARM.Collect$$$$0000000B) for _main_init
    C:\Keil_v5\ARM\ARMCC\Bin\..\lib\armlib\mc_w.l(entry.o)(.ARM.Collect$$$$00000000) refers (Special) to C:\Keil_v5\ARM\ARMCC\Bin\..\lib\armlib\mc_w.l(entry5.o)(.ARM.Collect$$$$00000004) for _main_scatterload
    C:\Keil_v5\ARM\ARMCC\Bin\..\lib\armlib\mc_w.l(entry.o)(.ARM.Collect$$$$00000000) refers (Special) to C:\Keil_v5\ARM\ARMCC\Bin\..\lib\armlib\mc_w.l(entry2.o)(.ARM.Collect$$$$00000001) for _main_stk
    C:\Keil_v5\ARM\ARMCC\Bin\..\lib\armlib\mc_w.l(entry2.o)(.ARM.Collect$$$$00000001) refers to C:\Keil_v5\ARM\ARMCC\Bin\..\lib\armlib\mc_w.l(entry2.o)(.ARM.Collect$$$$00002712) for __lit__00000000
    C:\Keil_v5\ARM\ARMCC\Bin\..\lib\armlib\mc_w.l(entry2.o)(.ARM.Collect$$$$00002712) refers to .\objects\startup_stm32f10x_hd.o(STACK) for __initial_sp
    C:\Keil_v5\ARM\ARMCC\Bin\..\lib\armlib\mc_w.l(entry2.o)(__vectab_stack_and_reset_area) refers to .\objects\startup_stm32f10x_hd.o(STACK) for __initial_sp
    C:\Keil_v5\ARM\ARMCC\Bin\..\lib\armlib\mc_w.l(entry2.o)(__vectab_stack_and_reset_area) refers to C:\Keil_v5\ARM\ARMCC\Bin\..\lib\armlib\mc_w.l(entry.o)(.ARM.Collect$$$$00000000) for __main
    C:\Keil_v5\ARM\ARMCC\Bin\..\lib\armlib\mc_w.l(entry5.o)(.ARM.Collect$$$$00000004) refers to C:\Keil_v5\ARM\ARMCC\Bin\..\lib\armlib\mc_w.l(init.o)(.text) for __scatterload
    C:\Keil_v5\ARM\ARMCC\Bin\..\lib\armlib\mc_w.l(entry9a.o)(.ARM.Collect$$$$0000000B) refers to .\objects\main.o(i.main) for main
    C:\Keil_v5\ARM\ARMCC\Bin\..\lib\armlib\mc_w.l(entry9b.o)(.ARM.Collect$$$$0000000C) refers to .\objects\main.o(i.main) for main
    C:\Keil_v5\ARM\ARMCC\Bin\..\lib\armlib\mc_w.l(init.o)(.text) refers to C:\Keil_v5\ARM\ARMCC\Bin\..\lib\armlib\mc_w.l(entry5.o)(.ARM.Collect$$$$00000004) for __main_after_scatterload


==============================================================================

Removing Unused input sections from the image.

    Removing .\objects\startup_stm32f10x_hd.o(HEAP), (512 bytes).
    Removing .\objects\core_cm3.o(.emb_text), (32 bytes).
    Removing .\objects\system_stm32f10x.o(i.SystemCoreClockUpdate), (164 bytes).
    Removing .\objects\misc.o(i.NVIC_Init), (112 bytes).
    Removing .\objects\misc.o(i.NVIC_PriorityGroupConfig), (20 bytes).
    Removing .\objects\misc.o(i.NVIC_SetVectorTable), (20 bytes).
    Removing .\objects\misc.o(i.NVIC_SystemLPConfig), (32 bytes).
    Removing .\objects\misc.o(i.SysTick_CLKSourceConfig), (40 bytes).
    Removing .\objects\stm32f10x_adc.o(i.ADC_AnalogWatchdogCmd), (20 bytes).
    Removing .\objects\stm32f10x_adc.o(i.ADC_AnalogWatchdogSingleChannelConfig), (16 bytes).
    Removing .\objects\stm32f10x_adc.o(i.ADC_AnalogWatchdogThresholdsConfig), (6 bytes).
    Removing .\objects\stm32f10x_adc.o(i.ADC_AutoInjectedConvCmd), (22 bytes).
    Removing .\objects\stm32f10x_adc.o(i.ADC_ClearFlag), (6 bytes).
    Removing .\objects\stm32f10x_adc.o(i.ADC_ClearITPendingBit), (10 bytes).
    Removing .\objects\stm32f10x_adc.o(i.ADC_Cmd), (22 bytes).
    Removing .\objects\stm32f10x_adc.o(i.ADC_DMACmd), (22 bytes).
    Removing .\objects\stm32f10x_adc.o(i.ADC_DeInit), (92 bytes).
    Removing .\objects\stm32f10x_adc.o(i.ADC_DiscModeChannelCountConfig), (24 bytes).
    Removing .\objects\stm32f10x_adc.o(i.ADC_DiscModeCmd), (22 bytes).
    Removing .\objects\stm32f10x_adc.o(i.ADC_ExternalTrigConvCmd), (22 bytes).
    Removing .\objects\stm32f10x_adc.o(i.ADC_ExternalTrigInjectedConvCmd), (22 bytes).
    Removing .\objects\stm32f10x_adc.o(i.ADC_ExternalTrigInjectedConvConfig), (16 bytes).
    Removing .\objects\stm32f10x_adc.o(i.ADC_GetCalibrationStatus), (20 bytes).
    Removing .\objects\stm32f10x_adc.o(i.ADC_GetConversionValue), (8 bytes).
    Removing .\objects\stm32f10x_adc.o(i.ADC_GetDualModeConversionValue), (12 bytes).
    Removing .\objects\stm32f10x_adc.o(i.ADC_GetFlagStatus), (18 bytes).
    Removing .\objects\stm32f10x_adc.o(i.ADC_GetITStatus), (36 bytes).
    Removing .\objects\stm32f10x_adc.o(i.ADC_GetInjectedConversionValue), (28 bytes).
    Removing .\objects\stm32f10x_adc.o(i.ADC_GetResetCalibrationStatus), (20 bytes).
    Removing .\objects\stm32f10x_adc.o(i.ADC_GetSoftwareStartConvStatus), (20 bytes).
    Removing .\objects\stm32f10x_adc.o(i.ADC_GetSoftwareStartInjectedConvCmdStatus), (20 bytes).
    Removing .\objects\stm32f10x_adc.o(i.ADC_ITConfig), (24 bytes).
    Removing .\objects\stm32f10x_adc.o(i.ADC_Init), (80 bytes).
    Removing .\objects\stm32f10x_adc.o(i.ADC_InjectedChannelConfig), (130 bytes).
    Removing .\objects\stm32f10x_adc.o(i.ADC_InjectedDiscModeCmd), (22 bytes).
    Removing .\objects\stm32f10x_adc.o(i.ADC_InjectedSequencerLengthConfig), (24 bytes).
    Removing .\objects\stm32f10x_adc.o(i.ADC_RegularChannelConfig), (184 bytes).
    Removing .\objects\stm32f10x_adc.o(i.ADC_ResetCalibration), (10 bytes).
    Removing .\objects\stm32f10x_adc.o(i.ADC_SetInjectedOffset), (20 bytes).
    Removing .\objects\stm32f10x_adc.o(i.ADC_SoftwareStartConvCmd), (22 bytes).
    Removing .\objects\stm32f10x_adc.o(i.ADC_SoftwareStartInjectedConvCmd), (22 bytes).
    Removing .\objects\stm32f10x_adc.o(i.ADC_StartCalibration), (10 bytes).
    Removing .\objects\stm32f10x_adc.o(i.ADC_StructInit), (18 bytes).
    Removing .\objects\stm32f10x_adc.o(i.ADC_TempSensorVrefintCmd), (36 bytes).
    Removing .\objects\stm32f10x_exti.o(i.EXTI_ClearFlag), (12 bytes).
    Removing .\objects\stm32f10x_exti.o(i.EXTI_ClearITPendingBit), (12 bytes).
    Removing .\objects\stm32f10x_exti.o(i.EXTI_DeInit), (36 bytes).
    Removing .\objects\stm32f10x_exti.o(i.EXTI_GenerateSWInterrupt), (16 bytes).
    Removing .\objects\stm32f10x_exti.o(i.EXTI_GetFlagStatus), (24 bytes).
    Removing .\objects\stm32f10x_exti.o(i.EXTI_GetITStatus), (40 bytes).
    Removing .\objects\stm32f10x_exti.o(i.EXTI_Init), (148 bytes).
    Removing .\objects\stm32f10x_exti.o(i.EXTI_StructInit), (16 bytes).
    Removing .\objects\stm32f10x_gpio.o(i.GPIO_AFIODeInit), (20 bytes).
    Removing .\objects\stm32f10x_gpio.o(i.GPIO_DeInit), (200 bytes).
    Removing .\objects\stm32f10x_gpio.o(i.GPIO_ETH_MediaInterfaceConfig), (12 bytes).
    Removing .\objects\stm32f10x_gpio.o(i.GPIO_EXTILineConfig), (64 bytes).
    Removing .\objects\stm32f10x_gpio.o(i.GPIO_EventOutputCmd), (12 bytes).
    Removing .\objects\stm32f10x_gpio.o(i.GPIO_EventOutputConfig), (32 bytes).
    Removing .\objects\stm32f10x_gpio.o(i.GPIO_PinLockConfig), (18 bytes).
    Removing .\objects\stm32f10x_gpio.o(i.GPIO_PinRemapConfig), (144 bytes).
    Removing .\objects\stm32f10x_gpio.o(i.GPIO_ReadInputData), (8 bytes).
    Removing .\objects\stm32f10x_gpio.o(i.GPIO_ReadInputDataBit), (18 bytes).
    Removing .\objects\stm32f10x_gpio.o(i.GPIO_ReadOutputData), (8 bytes).
    Removing .\objects\stm32f10x_gpio.o(i.GPIO_ReadOutputDataBit), (18 bytes).
    Removing .\objects\stm32f10x_gpio.o(i.GPIO_StructInit), (16 bytes).
    Removing .\objects\stm32f10x_gpio.o(i.GPIO_Write), (4 bytes).
    Removing .\objects\stm32f10x_gpio.o(i.GPIO_WriteBit), (10 bytes).
    Removing .\objects\stm32f10x_pwr.o(i.PWR_BackupAccessCmd), (12 bytes).
    Removing .\objects\stm32f10x_pwr.o(i.PWR_ClearFlag), (20 bytes).
    Removing .\objects\stm32f10x_pwr.o(i.PWR_DeInit), (22 bytes).
    Removing .\objects\stm32f10x_pwr.o(i.PWR_EnterSTANDBYMode), (52 bytes).
    Removing .\objects\stm32f10x_pwr.o(i.PWR_EnterSTOPMode), (64 bytes).
    Removing .\objects\stm32f10x_pwr.o(i.PWR_GetFlagStatus), (24 bytes).
    Removing .\objects\stm32f10x_pwr.o(i.PWR_PVDCmd), (12 bytes).
    Removing .\objects\stm32f10x_pwr.o(i.PWR_PVDLevelConfig), (24 bytes).
    Removing .\objects\stm32f10x_pwr.o(i.PWR_WakeUpPinCmd), (12 bytes).
    Removing .\objects\stm32f10x_rcc.o(i.RCC_ADCCLKConfig), (24 bytes).
    Removing .\objects\stm32f10x_rcc.o(i.RCC_AHBPeriphClockCmd), (32 bytes).
    Removing .\objects\stm32f10x_rcc.o(i.RCC_APB1PeriphClockCmd), (32 bytes).
    Removing .\objects\stm32f10x_rcc.o(i.RCC_APB1PeriphResetCmd), (32 bytes).
    Removing .\objects\stm32f10x_rcc.o(i.RCC_APB2PeriphResetCmd), (32 bytes).
    Removing .\objects\stm32f10x_rcc.o(i.RCC_AdjustHSICalibrationValue), (24 bytes).
    Removing .\objects\stm32f10x_rcc.o(i.RCC_BackupResetCmd), (12 bytes).
    Removing .\objects\stm32f10x_rcc.o(i.RCC_ClearFlag), (20 bytes).
    Removing .\objects\stm32f10x_rcc.o(i.RCC_ClearITPendingBit), (12 bytes).
    Removing .\objects\stm32f10x_rcc.o(i.RCC_ClockSecuritySystemCmd), (12 bytes).
    Removing .\objects\stm32f10x_rcc.o(i.RCC_DeInit), (76 bytes).
    Removing .\objects\stm32f10x_rcc.o(i.RCC_GetClocksFreq), (212 bytes).
    Removing .\objects\stm32f10x_rcc.o(i.RCC_GetFlagStatus), (60 bytes).
    Removing .\objects\stm32f10x_rcc.o(i.RCC_GetITStatus), (24 bytes).
    Removing .\objects\stm32f10x_rcc.o(i.RCC_GetSYSCLKSource), (16 bytes).
    Removing .\objects\stm32f10x_rcc.o(i.RCC_HCLKConfig), (24 bytes).
    Removing .\objects\stm32f10x_rcc.o(i.RCC_HSEConfig), (76 bytes).
    Removing .\objects\stm32f10x_rcc.o(i.RCC_HSICmd), (12 bytes).
    Removing .\objects\stm32f10x_rcc.o(i.RCC_ITConfig), (32 bytes).
    Removing .\objects\stm32f10x_rcc.o(i.RCC_LSEConfig), (52 bytes).
    Removing .\objects\stm32f10x_rcc.o(i.RCC_LSICmd), (12 bytes).
    Removing .\objects\stm32f10x_rcc.o(i.RCC_MCOConfig), (12 bytes).
    Removing .\objects\stm32f10x_rcc.o(i.RCC_PCLK1Config), (24 bytes).
    Removing .\objects\stm32f10x_rcc.o(i.RCC_PCLK2Config), (24 bytes).
    Removing .\objects\stm32f10x_rcc.o(i.RCC_PLLCmd), (12 bytes).
    Removing .\objects\stm32f10x_rcc.o(i.RCC_PLLConfig), (28 bytes).
    Removing .\objects\stm32f10x_rcc.o(i.RCC_RTCCLKCmd), (12 bytes).
    Removing .\objects\stm32f10x_rcc.o(i.RCC_RTCCLKConfig), (16 bytes).
    Removing .\objects\stm32f10x_rcc.o(i.RCC_SYSCLKConfig), (24 bytes).
    Removing .\objects\stm32f10x_rcc.o(i.RCC_USBCLKConfig), (12 bytes).
    Removing .\objects\stm32f10x_rcc.o(i.RCC_WaitForHSEStartUp), (56 bytes).
    Removing .\objects\stm32f10x_rcc.o(.data), (20 bytes).
    Removing .\objects\stm32f10x_tim.o(i.TI1_Config), (128 bytes).
    Removing .\objects\stm32f10x_tim.o(i.TI2_Config), (152 bytes).
    Removing .\objects\stm32f10x_tim.o(i.TI3_Config), (144 bytes).
    Removing .\objects\stm32f10x_tim.o(i.TI4_Config), (152 bytes).
    Removing .\objects\stm32f10x_tim.o(i.TIM_ARRPreloadConfig), (24 bytes).
    Removing .\objects\stm32f10x_tim.o(i.TIM_BDTRConfig), (32 bytes).
    Removing .\objects\stm32f10x_tim.o(i.TIM_BDTRStructInit), (18 bytes).
    Removing .\objects\stm32f10x_tim.o(i.TIM_CCPreloadControl), (24 bytes).
    Removing .\objects\stm32f10x_tim.o(i.TIM_CCxCmd), (30 bytes).
    Removing .\objects\stm32f10x_tim.o(i.TIM_CCxNCmd), (30 bytes).
    Removing .\objects\stm32f10x_tim.o(i.TIM_ClearFlag), (6 bytes).
    Removing .\objects\stm32f10x_tim.o(i.TIM_ClearITPendingBit), (6 bytes).
    Removing .\objects\stm32f10x_tim.o(i.TIM_ClearOC1Ref), (18 bytes).
    Removing .\objects\stm32f10x_tim.o(i.TIM_ClearOC2Ref), (24 bytes).
    Removing .\objects\stm32f10x_tim.o(i.TIM_ClearOC3Ref), (18 bytes).
    Removing .\objects\stm32f10x_tim.o(i.TIM_ClearOC4Ref), (24 bytes).
    Removing .\objects\stm32f10x_tim.o(i.TIM_Cmd), (24 bytes).
    Removing .\objects\stm32f10x_tim.o(i.TIM_CounterModeConfig), (18 bytes).
    Removing .\objects\stm32f10x_tim.o(i.TIM_CtrlPWMOutputs), (30 bytes).
    Removing .\objects\stm32f10x_tim.o(i.TIM_DMACmd), (18 bytes).
    Removing .\objects\stm32f10x_tim.o(i.TIM_DMAConfig), (10 bytes).
    Removing .\objects\stm32f10x_tim.o(i.TIM_DeInit), (488 bytes).
    Removing .\objects\stm32f10x_tim.o(i.TIM_ETRClockMode1Config), (54 bytes).
    Removing .\objects\stm32f10x_tim.o(i.TIM_ETRClockMode2Config), (32 bytes).
    Removing .\objects\stm32f10x_tim.o(i.TIM_ETRConfig), (28 bytes).
    Removing .\objects\stm32f10x_tim.o(i.TIM_EncoderInterfaceConfig), (66 bytes).
    Removing .\objects\stm32f10x_tim.o(i.TIM_ForcedOC1Config), (18 bytes).
    Removing .\objects\stm32f10x_tim.o(i.TIM_ForcedOC2Config), (26 bytes).
    Removing .\objects\stm32f10x_tim.o(i.TIM_ForcedOC3Config), (18 bytes).
    Removing .\objects\stm32f10x_tim.o(i.TIM_ForcedOC4Config), (26 bytes).
    Removing .\objects\stm32f10x_tim.o(i.TIM_GenerateEvent), (4 bytes).
    Removing .\objects\stm32f10x_tim.o(i.TIM_GetCapture1), (6 bytes).
    Removing .\objects\stm32f10x_tim.o(i.TIM_GetCapture2), (6 bytes).
    Removing .\objects\stm32f10x_tim.o(i.TIM_GetCapture3), (6 bytes).
    Removing .\objects\stm32f10x_tim.o(i.TIM_GetCapture4), (8 bytes).
    Removing .\objects\stm32f10x_tim.o(i.TIM_GetCounter), (6 bytes).
    Removing .\objects\stm32f10x_tim.o(i.TIM_GetFlagStatus), (18 bytes).
    Removing .\objects\stm32f10x_tim.o(i.TIM_GetITStatus), (34 bytes).
    Removing .\objects\stm32f10x_tim.o(i.TIM_GetPrescaler), (6 bytes).
    Removing .\objects\stm32f10x_tim.o(i.TIM_ICInit), (172 bytes).
    Removing .\objects\stm32f10x_tim.o(i.TIM_ICStructInit), (18 bytes).
    Removing .\objects\stm32f10x_tim.o(i.TIM_ITConfig), (18 bytes).
    Removing .\objects\stm32f10x_tim.o(i.TIM_ITRxExternalClockConfig), (24 bytes).
    Removing .\objects\stm32f10x_tim.o(i.TIM_InternalClockConfig), (12 bytes).
    Removing .\objects\stm32f10x_tim.o(i.TIM_OC1FastConfig), (18 bytes).
    Removing .\objects\stm32f10x_tim.o(i.TIM_OC1Init), (152 bytes).
    Removing .\objects\stm32f10x_tim.o(i.TIM_OC1NPolarityConfig), (18 bytes).
    Removing .\objects\stm32f10x_tim.o(i.TIM_OC1PolarityConfig), (18 bytes).
    Removing .\objects\stm32f10x_tim.o(i.TIM_OC1PreloadConfig), (18 bytes).
    Removing .\objects\stm32f10x_tim.o(i.TIM_OC2FastConfig), (26 bytes).
    Removing .\objects\stm32f10x_tim.o(i.TIM_OC2Init), (164 bytes).
    Removing .\objects\stm32f10x_tim.o(i.TIM_OC2NPolarityConfig), (26 bytes).
    Removing .\objects\stm32f10x_tim.o(i.TIM_OC2PolarityConfig), (26 bytes).
    Removing .\objects\stm32f10x_tim.o(i.TIM_OC2PreloadConfig), (26 bytes).
    Removing .\objects\stm32f10x_tim.o(i.TIM_OC3FastConfig), (18 bytes).
    Removing .\objects\stm32f10x_tim.o(i.TIM_OC3Init), (160 bytes).
    Removing .\objects\stm32f10x_tim.o(i.TIM_OC3NPolarityConfig), (26 bytes).
    Removing .\objects\stm32f10x_tim.o(i.TIM_OC3PolarityConfig), (26 bytes).
    Removing .\objects\stm32f10x_tim.o(i.TIM_OC3PreloadConfig), (18 bytes).
    Removing .\objects\stm32f10x_tim.o(i.TIM_OC4FastConfig), (26 bytes).
    Removing .\objects\stm32f10x_tim.o(i.TIM_OC4Init), (124 bytes).
    Removing .\objects\stm32f10x_tim.o(i.TIM_OC4PolarityConfig), (26 bytes).
    Removing .\objects\stm32f10x_tim.o(i.TIM_OC4PreloadConfig), (26 bytes).
    Removing .\objects\stm32f10x_tim.o(i.TIM_OCStructInit), (20 bytes).
    Removing .\objects\stm32f10x_tim.o(i.TIM_PWMIConfig), (124 bytes).
    Removing .\objects\stm32f10x_tim.o(i.TIM_PrescalerConfig), (6 bytes).
    Removing .\objects\stm32f10x_tim.o(i.TIM_SelectCCDMA), (24 bytes).
    Removing .\objects\stm32f10x_tim.o(i.TIM_SelectCOM), (24 bytes).
    Removing .\objects\stm32f10x_tim.o(i.TIM_SelectHallSensor), (24 bytes).
    Removing .\objects\stm32f10x_tim.o(i.TIM_SelectInputTrigger), (18 bytes).
    Removing .\objects\stm32f10x_tim.o(i.TIM_SelectMasterSlaveMode), (18 bytes).
    Removing .\objects\stm32f10x_tim.o(i.TIM_SelectOCxM), (82 bytes).
    Removing .\objects\stm32f10x_tim.o(i.TIM_SelectOnePulseMode), (18 bytes).
    Removing .\objects\stm32f10x_tim.o(i.TIM_SelectOutputTrigger), (18 bytes).
    Removing .\objects\stm32f10x_tim.o(i.TIM_SelectSlaveMode), (18 bytes).
    Removing .\objects\stm32f10x_tim.o(i.TIM_SetAutoreload), (4 bytes).
    Removing .\objects\stm32f10x_tim.o(i.TIM_SetClockDivision), (18 bytes).
    Removing .\objects\stm32f10x_tim.o(i.TIM_SetCompare1), (4 bytes).
    Removing .\objects\stm32f10x_tim.o(i.TIM_SetCompare2), (4 bytes).
    Removing .\objects\stm32f10x_tim.o(i.TIM_SetCompare3), (4 bytes).
    Removing .\objects\stm32f10x_tim.o(i.TIM_SetCompare4), (6 bytes).
    Removing .\objects\stm32f10x_tim.o(i.TIM_SetCounter), (4 bytes).
    Removing .\objects\stm32f10x_tim.o(i.TIM_SetIC1Prescaler), (18 bytes).
    Removing .\objects\stm32f10x_tim.o(i.TIM_SetIC2Prescaler), (26 bytes).
    Removing .\objects\stm32f10x_tim.o(i.TIM_SetIC3Prescaler), (18 bytes).
    Removing .\objects\stm32f10x_tim.o(i.TIM_SetIC4Prescaler), (26 bytes).
    Removing .\objects\stm32f10x_tim.o(i.TIM_TIxExternalClockConfig), (62 bytes).
    Removing .\objects\stm32f10x_tim.o(i.TIM_TimeBaseInit), (164 bytes).
    Removing .\objects\stm32f10x_tim.o(i.TIM_TimeBaseStructInit), (18 bytes).
    Removing .\objects\stm32f10x_tim.o(i.TIM_UpdateDisableConfig), (24 bytes).
    Removing .\objects\stm32f10x_tim.o(i.TIM_UpdateRequestConfig), (24 bytes).
    Removing .\objects\function.o(i.ClearData), (28 bytes).

200 unused section(s) (total 8048 bytes) removed from the image.

==============================================================================

Image Symbol Table

    Local Symbols

    Symbol Name                              Value     Ov Type        Size  Object(Section)

    ../clib/microlib/init/entry.s            0x00000000   Number         0  C:\Keil_v5\ARM\ARMCC\Bin\..\lib\armlib\mc_w.l(entry7a.o) ABSOLUTE
    ../clib/microlib/init/entry.s            0x00000000   Number         0  C:\Keil_v5\ARM\ARMCC\Bin\..\lib\armlib\mc_w.l(entry5.o) ABSOLUTE
    ../clib/microlib/init/entry.s            0x00000000   Number         0  C:\Keil_v5\ARM\ARMCC\Bin\..\lib\armlib\mc_w.l(entry2.o) ABSOLUTE
    ../clib/microlib/init/entry.s            0x00000000   Number         0  C:\Keil_v5\ARM\ARMCC\Bin\..\lib\armlib\mc_w.l(entry.o) ABSOLUTE
    ../clib/microlib/init/entry.s            0x00000000   Number         0  C:\Keil_v5\ARM\ARMCC\Bin\..\lib\armlib\mc_w.l(entry11b.o) ABSOLUTE
    ../clib/microlib/init/entry.s            0x00000000   Number         0  C:\Keil_v5\ARM\ARMCC\Bin\..\lib\armlib\mc_w.l(entry11a.o) ABSOLUTE
    ../clib/microlib/init/entry.s            0x00000000   Number         0  C:\Keil_v5\ARM\ARMCC\Bin\..\lib\armlib\mc_w.l(entry10b.o) ABSOLUTE
    ../clib/microlib/init/entry.s            0x00000000   Number         0  C:\Keil_v5\ARM\ARMCC\Bin\..\lib\armlib\mc_w.l(entry10a.o) ABSOLUTE
    ../clib/microlib/init/entry.s            0x00000000   Number         0  C:\Keil_v5\ARM\ARMCC\Bin\..\lib\armlib\mc_w.l(entry9b.o) ABSOLUTE
    ../clib/microlib/init/entry.s            0x00000000   Number         0  C:\Keil_v5\ARM\ARMCC\Bin\..\lib\armlib\mc_w.l(entry9a.o) ABSOLUTE
    ../clib/microlib/init/entry.s            0x00000000   Number         0  C:\Keil_v5\ARM\ARMCC\Bin\..\lib\armlib\mc_w.l(entry8b.o) ABSOLUTE
    ../clib/microlib/init/entry.s            0x00000000   Number         0  C:\Keil_v5\ARM\ARMCC\Bin\..\lib\armlib\mc_w.l(entry8a.o) ABSOLUTE
    ../clib/microlib/init/entry.s            0x00000000   Number         0  C:\Keil_v5\ARM\ARMCC\Bin\..\lib\armlib\mc_w.l(entry7b.o) ABSOLUTE
    Libraries\CMSIS\CM3\CoreSupport\core_cm3.c 0x00000000   Number         0  .\objects\core_cm3.o ABSOLUTE
    Libraries\CMSIS\CM3\DeviceSupport\ST\STM32F10x\startup\arm\startup_stm32f10x_hd.s 0x00000000   Number         0  .\objects\startup_stm32f10x_hd.o ABSOLUTE
    Libraries\CMSIS\CM3\DeviceSupport\ST\STM32F10x\system_stm32f10x.c 0x00000000   Number         0  .\objects\system_stm32f10x.o ABSOLUTE
    Libraries\STM32F10x_StdPeriph_Driver\src\misc.c 0x00000000   Number         0  .\objects\misc.o ABSOLUTE
    Libraries\STM32F10x_StdPeriph_Driver\src\stm32f10x_adc.c 0x00000000   Number         0  .\objects\stm32f10x_adc.o ABSOLUTE
    Libraries\STM32F10x_StdPeriph_Driver\src\stm32f10x_exti.c 0x00000000   Number         0  .\objects\stm32f10x_exti.o ABSOLUTE
    Libraries\STM32F10x_StdPeriph_Driver\src\stm32f10x_gpio.c 0x00000000   Number         0  .\objects\stm32f10x_gpio.o ABSOLUTE
    Libraries\STM32F10x_StdPeriph_Driver\src\stm32f10x_pwr.c 0x00000000   Number         0  .\objects\stm32f10x_pwr.o ABSOLUTE
    Libraries\STM32F10x_StdPeriph_Driver\src\stm32f10x_rcc.c 0x00000000   Number         0  .\objects\stm32f10x_rcc.o ABSOLUTE
    Libraries\STM32F10x_StdPeriph_Driver\src\stm32f10x_tim.c 0x00000000   Number         0  .\objects\stm32f10x_tim.o ABSOLUTE
    Libraries\\CMSIS\\CM3\\CoreSupport\\core_cm3.c 0x00000000   Number         0  .\objects\core_cm3.o ABSOLUTE
    User\Function.c                          0x00000000   Number         0  .\objects\function.o ABSOLUTE
    User\Init.c                              0x00000000   Number         0  .\objects\init.o ABSOLUTE
    User\Main.c                              0x00000000   Number         0  .\objects\main.o ABSOLUTE
    dc.s                                     0x00000000   Number         0  C:\Keil_v5\ARM\ARMCC\Bin\..\lib\armlib\mc_w.l(dc.o) ABSOLUTE
    handlers.s                               0x00000000   Number         0  C:\Keil_v5\ARM\ARMCC\Bin\..\lib\armlib\mc_w.l(handlers.o) ABSOLUTE
    init.s                                   0x00000000   Number         0  C:\Keil_v5\ARM\ARMCC\Bin\..\lib\armlib\mc_w.l(init.o) ABSOLUTE
    RESET                                    0x08000000   Section      304  .\objects\startup_stm32f10x_hd.o(RESET)
    .ARM.Collect$$$$00000000                 0x08000130   Section        0  C:\Keil_v5\ARM\ARMCC\Bin\..\lib\armlib\mc_w.l(entry.o)(.ARM.Collect$$$$00000000)
    .ARM.Collect$$$$00000001                 0x08000130   Section        4  C:\Keil_v5\ARM\ARMCC\Bin\..\lib\armlib\mc_w.l(entry2.o)(.ARM.Collect$$$$00000001)
    .ARM.Collect$$$$00000004                 0x08000134   Section        4  C:\Keil_v5\ARM\ARMCC\Bin\..\lib\armlib\mc_w.l(entry5.o)(.ARM.Collect$$$$00000004)
    .ARM.Collect$$$$00000008                 0x08000138   Section        0  C:\Keil_v5\ARM\ARMCC\Bin\..\lib\armlib\mc_w.l(entry7b.o)(.ARM.Collect$$$$00000008)
    .ARM.Collect$$$$0000000A                 0x08000138   Section        0  C:\Keil_v5\ARM\ARMCC\Bin\..\lib\armlib\mc_w.l(entry8b.o)(.ARM.Collect$$$$0000000A)
    .ARM.Collect$$$$0000000B                 0x08000138   Section        8  C:\Keil_v5\ARM\ARMCC\Bin\..\lib\armlib\mc_w.l(entry9a.o)(.ARM.Collect$$$$0000000B)
    .ARM.Collect$$$$0000000D                 0x08000140   Section        0  C:\Keil_v5\ARM\ARMCC\Bin\..\lib\armlib\mc_w.l(entry10a.o)(.ARM.Collect$$$$0000000D)
    .ARM.Collect$$$$0000000F                 0x08000140   Section        0  C:\Keil_v5\ARM\ARMCC\Bin\..\lib\armlib\mc_w.l(entry11a.o)(.ARM.Collect$$$$0000000F)
    .ARM.Collect$$$$00002712                 0x08000140   Section        4  C:\Keil_v5\ARM\ARMCC\Bin\..\lib\armlib\mc_w.l(entry2.o)(.ARM.Collect$$$$00002712)
    __lit__00000000                          0x08000140   Data           4  C:\Keil_v5\ARM\ARMCC\Bin\..\lib\armlib\mc_w.l(entry2.o)(.ARM.Collect$$$$00002712)
    .text                                    0x08000144   Section       36  .\objects\startup_stm32f10x_hd.o(.text)
    .text                                    0x08000168   Section       36  C:\Keil_v5\ARM\ARMCC\Bin\..\lib\armlib\mc_w.l(init.o)(.text)
    i.DelayUs                                0x0800018c   Section        0  .\objects\init.o(i.DelayUs)
    i.DisplayChar                            0x080001a0   Section        0  .\objects\function.o(i.DisplayChar)
    i.DisplayLine                            0x08000368   Section        0  .\objects\function.o(i.DisplayLine)
    i.DisplayOneIC                           0x0800039e   Section        0  .\objects\function.o(i.DisplayOneIC)
    i.DisplayWord                            0x08000464   Section        0  .\objects\function.o(i.DisplayWord)
    i.GPIO_Init                              0x0800047e   Section        0  .\objects\stm32f10x_gpio.o(i.GPIO_Init)
    i.GPIO_ResetBits                         0x08000594   Section        0  .\objects\stm32f10x_gpio.o(i.GPIO_ResetBits)
    i.GPIO_SetBits                           0x08000598   Section        0  .\objects\stm32f10x_gpio.o(i.GPIO_SetBits)
    i.Init_Delay                             0x0800059c   Section        0  .\objects\init.o(i.Init_Delay)
    i.Init_GPIO                              0x08000600   Section        0  .\objects\init.o(i.Init_GPIO)
    i.InputData                              0x08000674   Section        0  .\objects\function.o(i.InputData)
    i.RCC_APB2PeriphClockCmd                 0x08000694   Section        0  .\objects\stm32f10x_rcc.o(i.RCC_APB2PeriphClockCmd)
    i.SendData                               0x080006b4   Section        0  .\objects\function.o(i.SendData)
    i.SetSysClock                            0x080006cc   Section        0  .\objects\system_stm32f10x.o(i.SetSysClock)
    SetSysClock                              0x080006cd   Thumb Code     8  .\objects\system_stm32f10x.o(i.SetSysClock)
    i.SetSysClockTo72                        0x080006d4   Section        0  .\objects\system_stm32f10x.o(i.SetSysClockTo72)
    SetSysClockTo72                          0x080006d5   Thumb Code   214  .\objects\system_stm32f10x.o(i.SetSysClockTo72)
    i.ShiftLED                               0x080007b4   Section        0  .\objects\function.o(i.ShiftLED)
    i.SysTick_Handler                        0x080007cc   Section        0  .\objects\init.o(i.SysTick_Handler)
    i.SystemInit                             0x080007e4   Section        0  .\objects\system_stm32f10x.o(i.SystemInit)
    i.__scatterload_copy                     0x08000844   Section       14  C:\Keil_v5\ARM\ARMCC\Bin\..\lib\armlib\mc_w.l(handlers.o)(i.__scatterload_copy)
    i.__scatterload_null                     0x08000852   Section        2  C:\Keil_v5\ARM\ARMCC\Bin\..\lib\armlib\mc_w.l(handlers.o)(i.__scatterload_null)
    i.__scatterload_zeroinit                 0x08000854   Section       14  C:\Keil_v5\ARM\ARMCC\Bin\..\lib\armlib\mc_w.l(handlers.o)(i.__scatterload_zeroinit)
    i.main                                   0x08000864   Section        0  .\objects\main.o(i.main)
    .data                                    0x20000000   Section       20  .\objects\system_stm32f10x.o(.data)
    .data                                    0x20000014   Section        4  .\objects\init.o(.data)
    .data                                    0x20000018   Section      225  .\objects\function.o(.data)
    STACK                                    0x20000100   Section     1024  .\objects\startup_stm32f10x_hd.o(STACK)

    Global Symbols

    Symbol Name                              Value     Ov Type        Size  Object(Section)

    BuildAttributes$$THM_ISAv4$P$D$K$B$S$PE$A:L22UL41UL21$X:L11$S22US41US21$IEEE1$IW$USESV6$~STKCKD$USESV7$~SHL$OSPACE$EBA8$MICROLIB$REQ8$PRES8$EABIv2 0x00000000   Number         0  anon$$obj.o ABSOLUTE
    __ARM_use_no_argv                        0x00000000   Number         0  .\objects\main.o ABSOLUTE
    __cpp_initialize__aeabi_                  - Undefined Weak Reference
    __cxa_finalize                            - Undefined Weak Reference
    __decompress                              - Undefined Weak Reference
    _clock_init                               - Undefined Weak Reference
    _microlib_exit                            - Undefined Weak Reference
    __Vectors_Size                           0x00000130   Number         0  .\objects\startup_stm32f10x_hd.o ABSOLUTE
    __Vectors                                0x08000000   Data           4  .\objects\startup_stm32f10x_hd.o(RESET)
    __Vectors_End                            0x08000130   Data           0  .\objects\startup_stm32f10x_hd.o(RESET)
    __main                                   0x08000131   Thumb Code     0  C:\Keil_v5\ARM\ARMCC\Bin\..\lib\armlib\mc_w.l(entry.o)(.ARM.Collect$$$$00000000)
    _main_stk                                0x08000131   Thumb Code     0  C:\Keil_v5\ARM\ARMCC\Bin\..\lib\armlib\mc_w.l(entry2.o)(.ARM.Collect$$$$00000001)
    _main_scatterload                        0x08000135   Thumb Code     0  C:\Keil_v5\ARM\ARMCC\Bin\..\lib\armlib\mc_w.l(entry5.o)(.ARM.Collect$$$$00000004)
    __main_after_scatterload                 0x08000139   Thumb Code     0  C:\Keil_v5\ARM\ARMCC\Bin\..\lib\armlib\mc_w.l(entry5.o)(.ARM.Collect$$$$00000004)
    _main_clock                              0x08000139   Thumb Code     0  C:\Keil_v5\ARM\ARMCC\Bin\..\lib\armlib\mc_w.l(entry7b.o)(.ARM.Collect$$$$00000008)
    _main_cpp_init                           0x08000139   Thumb Code     0  C:\Keil_v5\ARM\ARMCC\Bin\..\lib\armlib\mc_w.l(entry8b.o)(.ARM.Collect$$$$0000000A)
    _main_init                               0x08000139   Thumb Code     0  C:\Keil_v5\ARM\ARMCC\Bin\..\lib\armlib\mc_w.l(entry9a.o)(.ARM.Collect$$$$0000000B)
    __rt_final_cpp                           0x08000141   Thumb Code     0  C:\Keil_v5\ARM\ARMCC\Bin\..\lib\armlib\mc_w.l(entry10a.o)(.ARM.Collect$$$$0000000D)
    __rt_final_exit                          0x08000141   Thumb Code     0  C:\Keil_v5\ARM\ARMCC\Bin\..\lib\armlib\mc_w.l(entry11a.o)(.ARM.Collect$$$$0000000F)
    Reset_Handler                            0x08000145   Thumb Code     8  .\objects\startup_stm32f10x_hd.o(.text)
    NMI_Handler                              0x0800014d   Thumb Code     2  .\objects\startup_stm32f10x_hd.o(.text)
    HardFault_Handler                        0x0800014f   Thumb Code     2  .\objects\startup_stm32f10x_hd.o(.text)
    MemManage_Handler                        0x08000151   Thumb Code     2  .\objects\startup_stm32f10x_hd.o(.text)
    BusFault_Handler                         0x08000153   Thumb Code     2  .\objects\startup_stm32f10x_hd.o(.text)
    UsageFault_Handler                       0x08000155   Thumb Code     2  .\objects\startup_stm32f10x_hd.o(.text)
    SVC_Handler                              0x08000157   Thumb Code     2  .\objects\startup_stm32f10x_hd.o(.text)
    DebugMon_Handler                         0x08000159   Thumb Code     2  .\objects\startup_stm32f10x_hd.o(.text)
    PendSV_Handler                           0x0800015b   Thumb Code     2  .\objects\startup_stm32f10x_hd.o(.text)
    ADC1_2_IRQHandler                        0x0800015f   Thumb Code     0  .\objects\startup_stm32f10x_hd.o(.text)
    ADC3_IRQHandler                          0x0800015f   Thumb Code     0  .\objects\startup_stm32f10x_hd.o(.text)
    CAN1_RX1_IRQHandler                      0x0800015f   Thumb Code     0  .\objects\startup_stm32f10x_hd.o(.text)
    CAN1_SCE_IRQHandler                      0x0800015f   Thumb Code     0  .\objects\startup_stm32f10x_hd.o(.text)
    DMA1_Channel1_IRQHandler                 0x0800015f   Thumb Code     0  .\objects\startup_stm32f10x_hd.o(.text)
    DMA1_Channel2_IRQHandler                 0x0800015f   Thumb Code     0  .\objects\startup_stm32f10x_hd.o(.text)
    DMA1_Channel3_IRQHandler                 0x0800015f   Thumb Code     0  .\objects\startup_stm32f10x_hd.o(.text)
    DMA1_Channel4_IRQHandler                 0x0800015f   Thumb Code     0  .\objects\startup_stm32f10x_hd.o(.text)
    DMA1_Channel5_IRQHandler                 0x0800015f   Thumb Code     0  .\objects\startup_stm32f10x_hd.o(.text)
    DMA1_Channel6_IRQHandler                 0x0800015f   Thumb Code     0  .\objects\startup_stm32f10x_hd.o(.text)
    DMA1_Channel7_IRQHandler                 0x0800015f   Thumb Code     0  .\objects\startup_stm32f10x_hd.o(.text)
    DMA2_Channel1_IRQHandler                 0x0800015f   Thumb Code     0  .\objects\startup_stm32f10x_hd.o(.text)
    DMA2_Channel2_IRQHandler                 0x0800015f   Thumb Code     0  .\objects\startup_stm32f10x_hd.o(.text)
    DMA2_Channel3_IRQHandler                 0x0800015f   Thumb Code     0  .\objects\startup_stm32f10x_hd.o(.text)
    DMA2_Channel4_5_IRQHandler               0x0800015f   Thumb Code     0  .\objects\startup_stm32f10x_hd.o(.text)
    EXTI0_IRQHandler                         0x0800015f   Thumb Code     0  .\objects\startup_stm32f10x_hd.o(.text)
    EXTI15_10_IRQHandler                     0x0800015f   Thumb Code     0  .\objects\startup_stm32f10x_hd.o(.text)
    EXTI1_IRQHandler                         0x0800015f   Thumb Code     0  .\objects\startup_stm32f10x_hd.o(.text)
    EXTI2_IRQHandler                         0x0800015f   Thumb Code     0  .\objects\startup_stm32f10x_hd.o(.text)
    EXTI3_IRQHandler                         0x0800015f   Thumb Code     0  .\objects\startup_stm32f10x_hd.o(.text)
    EXTI4_IRQHandler                         0x0800015f   Thumb Code     0  .\objects\startup_stm32f10x_hd.o(.text)
    EXTI9_5_IRQHandler                       0x0800015f   Thumb Code     0  .\objects\startup_stm32f10x_hd.o(.text)
    FLASH_IRQHandler                         0x0800015f   Thumb Code     0  .\objects\startup_stm32f10x_hd.o(.text)
    FSMC_IRQHandler                          0x0800015f   Thumb Code     0  .\objects\startup_stm32f10x_hd.o(.text)
    I2C1_ER_IRQHandler                       0x0800015f   Thumb Code     0  .\objects\startup_stm32f10x_hd.o(.text)
    I2C1_EV_IRQHandler                       0x0800015f   Thumb Code     0  .\objects\startup_stm32f10x_hd.o(.text)
    I2C2_ER_IRQHandler                       0x0800015f   Thumb Code     0  .\objects\startup_stm32f10x_hd.o(.text)
    I2C2_EV_IRQHandler                       0x0800015f   Thumb Code     0  .\objects\startup_stm32f10x_hd.o(.text)
    PVD_IRQHandler                           0x0800015f   Thumb Code     0  .\objects\startup_stm32f10x_hd.o(.text)
    RCC_IRQHandler                           0x0800015f   Thumb Code     0  .\objects\startup_stm32f10x_hd.o(.text)
    RTCAlarm_IRQHandler                      0x0800015f   Thumb Code     0  .\objects\startup_stm32f10x_hd.o(.text)
    RTC_IRQHandler                           0x0800015f   Thumb Code     0  .\objects\startup_stm32f10x_hd.o(.text)
    SDIO_IRQHandler                          0x0800015f   Thumb Code     0  .\objects\startup_stm32f10x_hd.o(.text)
    SPI1_IRQHandler                          0x0800015f   Thumb Code     0  .\objects\startup_stm32f10x_hd.o(.text)
    SPI2_IRQHandler                          0x0800015f   Thumb Code     0  .\objects\startup_stm32f10x_hd.o(.text)
    SPI3_IRQHandler                          0x0800015f   Thumb Code     0  .\objects\startup_stm32f10x_hd.o(.text)
    TAMPER_IRQHandler                        0x0800015f   Thumb Code     0  .\objects\startup_stm32f10x_hd.o(.text)
    TIM1_BRK_IRQHandler                      0x0800015f   Thumb Code     0  .\objects\startup_stm32f10x_hd.o(.text)
    TIM1_CC_IRQHandler                       0x0800015f   Thumb Code     0  .\objects\startup_stm32f10x_hd.o(.text)
    TIM1_TRG_COM_IRQHandler                  0x0800015f   Thumb Code     0  .\objects\startup_stm32f10x_hd.o(.text)
    TIM1_UP_IRQHandler                       0x0800015f   Thumb Code     0  .\objects\startup_stm32f10x_hd.o(.text)
    TIM2_IRQHandler                          0x0800015f   Thumb Code     0  .\objects\startup_stm32f10x_hd.o(.text)
    TIM3_IRQHandler                          0x0800015f   Thumb Code     0  .\objects\startup_stm32f10x_hd.o(.text)
    TIM4_IRQHandler                          0x0800015f   Thumb Code     0  .\objects\startup_stm32f10x_hd.o(.text)
    TIM5_IRQHandler                          0x0800015f   Thumb Code     0  .\objects\startup_stm32f10x_hd.o(.text)
    TIM6_IRQHandler                          0x0800015f   Thumb Code     0  .\objects\startup_stm32f10x_hd.o(.text)
    TIM7_IRQHandler                          0x0800015f   Thumb Code     0  .\objects\startup_stm32f10x_hd.o(.text)
    TIM8_BRK_IRQHandler                      0x0800015f   Thumb Code     0  .\objects\startup_stm32f10x_hd.o(.text)
    TIM8_CC_IRQHandler                       0x0800015f   Thumb Code     0  .\objects\startup_stm32f10x_hd.o(.text)
    TIM8_TRG_COM_IRQHandler                  0x0800015f   Thumb Code     0  .\objects\startup_stm32f10x_hd.o(.text)
    TIM8_UP_IRQHandler                       0x0800015f   Thumb Code     0  .\objects\startup_stm32f10x_hd.o(.text)
    UART4_IRQHandler                         0x0800015f   Thumb Code     0  .\objects\startup_stm32f10x_hd.o(.text)
    UART5_IRQHandler                         0x0800015f   Thumb Code     0  .\objects\startup_stm32f10x_hd.o(.text)
    USART1_IRQHandler                        0x0800015f   Thumb Code     0  .\objects\startup_stm32f10x_hd.o(.text)
    USART2_IRQHandler                        0x0800015f   Thumb Code     0  .\objects\startup_stm32f10x_hd.o(.text)
    USART3_IRQHandler                        0x0800015f   Thumb Code     0  .\objects\startup_stm32f10x_hd.o(.text)
    USBWakeUp_IRQHandler                     0x0800015f   Thumb Code     0  .\objects\startup_stm32f10x_hd.o(.text)
    USB_HP_CAN1_TX_IRQHandler                0x0800015f   Thumb Code     0  .\objects\startup_stm32f10x_hd.o(.text)
    USB_LP_CAN1_RX0_IRQHandler               0x0800015f   Thumb Code     0  .\objects\startup_stm32f10x_hd.o(.text)
    WWDG_IRQHandler                          0x0800015f   Thumb Code     0  .\objects\startup_stm32f10x_hd.o(.text)
    __scatterload                            0x08000169   Thumb Code    28  C:\Keil_v5\ARM\ARMCC\Bin\..\lib\armlib\mc_w.l(init.o)(.text)
    __scatterload_rt2                        0x08000169   Thumb Code     0  C:\Keil_v5\ARM\ARMCC\Bin\..\lib\armlib\mc_w.l(init.o)(.text)
    DelayUs                                  0x0800018d   Thumb Code    16  .\objects\init.o(i.DelayUs)
    DisplayChar                              0x080001a1   Thumb Code   418  .\objects\function.o(i.DisplayChar)
    DisplayLine                              0x08000369   Thumb Code    54  .\objects\function.o(i.DisplayLine)
    DisplayOneIC                             0x0800039f   Thumb Code   198  .\objects\function.o(i.DisplayOneIC)
    DisplayWord                              0x08000465   Thumb Code    26  .\objects\function.o(i.DisplayWord)
    GPIO_Init                                0x0800047f   Thumb Code   278  .\objects\stm32f10x_gpio.o(i.GPIO_Init)
    GPIO_ResetBits                           0x08000595   Thumb Code     4  .\objects\stm32f10x_gpio.o(i.GPIO_ResetBits)
    GPIO_SetBits                             0x08000599   Thumb Code     4  .\objects\stm32f10x_gpio.o(i.GPIO_SetBits)
    Init_Delay                               0x0800059d   Thumb Code    82  .\objects\init.o(i.Init_Delay)
    Init_GPIO                                0x08000601   Thumb Code   106  .\objects\init.o(i.Init_GPIO)
    InputData                                0x08000675   Thumb Code    26  .\objects\function.o(i.InputData)
    RCC_APB2PeriphClockCmd                   0x08000695   Thumb Code    26  .\objects\stm32f10x_rcc.o(i.RCC_APB2PeriphClockCmd)
    SendData                                 0x080006b5   Thumb Code    20  .\objects\function.o(i.SendData)
    ShiftLED                                 0x080007b5   Thumb Code    20  .\objects\function.o(i.ShiftLED)
    SysTick_Handler                          0x080007cd   Thumb Code    18  .\objects\init.o(i.SysTick_Handler)
    SystemInit                               0x080007e5   Thumb Code    78  .\objects\system_stm32f10x.o(i.SystemInit)
    __scatterload_copy                       0x08000845   Thumb Code    14  C:\Keil_v5\ARM\ARMCC\Bin\..\lib\armlib\mc_w.l(handlers.o)(i.__scatterload_copy)
    __scatterload_null                       0x08000853   Thumb Code     2  C:\Keil_v5\ARM\ARMCC\Bin\..\lib\armlib\mc_w.l(handlers.o)(i.__scatterload_null)
    __scatterload_zeroinit                   0x08000855   Thumb Code    14  C:\Keil_v5\ARM\ARMCC\Bin\..\lib\armlib\mc_w.l(handlers.o)(i.__scatterload_zeroinit)
    main                                     0x08000865   Thumb Code    18  .\objects\main.o(i.main)
    Region$$Table$$Base                      0x08000880   Number         0  anon$$obj.o(Region$$Table)
    Region$$Table$$Limit                     0x080008a0   Number         0  anon$$obj.o(Region$$Table)
    SystemCoreClock                          0x20000000   Data           4  .\objects\system_stm32f10x.o(.data)
    AHBPrescTable                            0x20000004   Data          16  .\objects\system_stm32f10x.o(.data)
    TimingDelay                              0x20000014   Data           4  .\objects\init.o(.data)
    A                                        0x20000018   Data          50  .\objects\function.o(.data)
    B                                        0x2000004a   Data          25  .\objects\function.o(.data)
    C                                        0x20000063   Data          25  .\objects\function.o(.data)
    E                                        0x2000007c   Data          25  .\objects\function.o(.data)
    N                                        0x20000095   Data          25  .\objects\function.o(.data)
    O                                        0x200000ae   Data          25  .\objects\function.o(.data)
    Q                                        0x200000c7   Data          25  .\objects\function.o(.data)
    U                                        0x200000e0   Data          25  .\objects\function.o(.data)
    __initial_sp                             0x20000500   Data           0  .\objects\startup_stm32f10x_hd.o(STACK)



==============================================================================

Memory Map of the image

  Image Entry point : 0x08000145

  Load Region LR_1 (Base: 0x08000000, Size: 0x0000099c, Max: 0xffffffff, ABSOLUTE)

    Execution Region ER_RO (Exec base: 0x08000000, Load base: 0x08000000, Size: 0x000008a0, Max: 0xffffffff, ABSOLUTE)

    Exec Addr    Load Addr    Size         Type   Attr      Idx    E Section Name        Object

    0x08000000   0x08000000   0x00000130   Data   RO            3    RESET               .\objects\startup_stm32f10x_hd.o
    0x08000130   0x08000130   0x00000000   Code   RO         1506  * .ARM.Collect$$$$00000000  C:\Keil_v5\ARM\ARMCC\Bin\..\lib\armlib\mc_w.l(entry.o)
    0x08000130   0x08000130   0x00000004   Code   RO         1509    .ARM.Collect$$$$00000001  C:\Keil_v5\ARM\ARMCC\Bin\..\lib\armlib\mc_w.l(entry2.o)
    0x08000134   0x08000134   0x00000004   Code   RO         1512    .ARM.Collect$$$$00000004  C:\Keil_v5\ARM\ARMCC\Bin\..\lib\armlib\mc_w.l(entry5.o)
    0x08000138   0x08000138   0x00000000   Code   RO         1514    .ARM.Collect$$$$00000008  C:\Keil_v5\ARM\ARMCC\Bin\..\lib\armlib\mc_w.l(entry7b.o)
    0x08000138   0x08000138   0x00000000   Code   RO         1516    .ARM.Collect$$$$0000000A  C:\Keil_v5\ARM\ARMCC\Bin\..\lib\armlib\mc_w.l(entry8b.o)
    0x08000138   0x08000138   0x00000008   Code   RO         1517    .ARM.Collect$$$$0000000B  C:\Keil_v5\ARM\ARMCC\Bin\..\lib\armlib\mc_w.l(entry9a.o)
    0x08000140   0x08000140   0x00000000   Code   RO         1519    .ARM.Collect$$$$0000000D  C:\Keil_v5\ARM\ARMCC\Bin\..\lib\armlib\mc_w.l(entry10a.o)
    0x08000140   0x08000140   0x00000000   Code   RO         1521    .ARM.Collect$$$$0000000F  C:\Keil_v5\ARM\ARMCC\Bin\..\lib\armlib\mc_w.l(entry11a.o)
    0x08000140   0x08000140   0x00000004   Code   RO         1510    .ARM.Collect$$$$00002712  C:\Keil_v5\ARM\ARMCC\Bin\..\lib\armlib\mc_w.l(entry2.o)
    0x08000144   0x08000144   0x00000024   Code   RO            4  * .text               .\objects\startup_stm32f10x_hd.o
    0x08000168   0x08000168   0x00000024   Code   RO         1523    .text               C:\Keil_v5\ARM\ARMCC\Bin\..\lib\armlib\mc_w.l(init.o)
    0x0800018c   0x0800018c   0x00000014   Code   RO         1394    i.DelayUs           .\objects\init.o
    0x080001a0   0x080001a0   0x000001c8   Code   RO         1435    i.DisplayChar       .\objects\function.o
    0x08000368   0x08000368   0x00000036   Code   RO         1436    i.DisplayLine       .\objects\function.o
    0x0800039e   0x0800039e   0x000000c6   Code   RO         1437    i.DisplayOneIC      .\objects\function.o
    0x08000464   0x08000464   0x0000001a   Code   RO         1438    i.DisplayWord       .\objects\function.o
    0x0800047e   0x0800047e   0x00000116   Code   RO          478    i.GPIO_Init         .\objects\stm32f10x_gpio.o
    0x08000594   0x08000594   0x00000004   Code   RO          485    i.GPIO_ResetBits    .\objects\stm32f10x_gpio.o
    0x08000598   0x08000598   0x00000004   Code   RO          486    i.GPIO_SetBits      .\objects\stm32f10x_gpio.o
    0x0800059c   0x0800059c   0x00000064   Code   RO         1395    i.Init_Delay        .\objects\init.o
    0x08000600   0x08000600   0x00000074   Code   RO         1396    i.Init_GPIO         .\objects\init.o
    0x08000674   0x08000674   0x00000020   Code   RO         1439    i.InputData         .\objects\function.o
    0x08000694   0x08000694   0x00000020   Code   RO          650    i.RCC_APB2PeriphClockCmd  .\objects\stm32f10x_rcc.o
    0x080006b4   0x080006b4   0x00000018   Code   RO         1440    i.SendData          .\objects\function.o
    0x080006cc   0x080006cc   0x00000008   Code   RO           24    i.SetSysClock       .\objects\system_stm32f10x.o
    0x080006d4   0x080006d4   0x000000e0   Code   RO           25    i.SetSysClockTo72   .\objects\system_stm32f10x.o
    0x080007b4   0x080007b4   0x00000018   Code   RO         1441    i.ShiftLED          .\objects\function.o
    0x080007cc   0x080007cc   0x00000018   Code   RO         1397    i.SysTick_Handler   .\objects\init.o
    0x080007e4   0x080007e4   0x00000060   Code   RO           27    i.SystemInit        .\objects\system_stm32f10x.o
    0x08000844   0x08000844   0x0000000e   Code   RO         1527    i.__scatterload_copy  C:\Keil_v5\ARM\ARMCC\Bin\..\lib\armlib\mc_w.l(handlers.o)
    0x08000852   0x08000852   0x00000002   Code   RO         1528    i.__scatterload_null  C:\Keil_v5\ARM\ARMCC\Bin\..\lib\armlib\mc_w.l(handlers.o)
    0x08000854   0x08000854   0x0000000e   Code   RO         1529    i.__scatterload_zeroinit  C:\Keil_v5\ARM\ARMCC\Bin\..\lib\armlib\mc_w.l(handlers.o)
    0x08000862   0x08000862   0x00000002   PAD
    0x08000864   0x08000864   0x0000001c   Code   RO         1494    i.main              .\objects\main.o
    0x08000880   0x08000880   0x00000020   Data   RO         1525    Region$$Table       anon$$obj.o


    Execution Region ER_RW (Exec base: 0x20000000, Load base: 0x080008a0, Size: 0x000000fc, Max: 0xffffffff, ABSOLUTE)

    Exec Addr    Load Addr    Size         Type   Attr      Idx    E Section Name        Object

    0x20000000   0x080008a0   0x00000014   Data   RW           28    .data               .\objects\system_stm32f10x.o
    0x20000014   0x080008b4   0x00000004   Data   RW         1398    .data               .\objects\init.o
    0x20000018   0x080008b8   0x000000e1   Data   RW         1442    .data               .\objects\function.o


    Execution Region ER_ZI (Exec base: 0x200000fc, Load base: 0x0800099c, Size: 0x00000404, Max: 0xffffffff, ABSOLUTE)

    Exec Addr    Load Addr    Size         Type   Attr      Idx    E Section Name        Object

    0x200000fc   0x0800099c   0x00000004   PAD
    0x20000100        -       0x00000400   Zero   RW            1    STACK               .\objects\startup_stm32f10x_hd.o


==============================================================================

Image component sizes


      Code (inc. data)   RO Data    RW Data    ZI Data      Debug   Object Name

         0          0          0          0          0       4508   .\objects\core_cm3.o
       814         52          0        225          0       4769   .\objects\function.o
       260         38          0          4          0      17250   .\objects\init.o
        28         10          0          0          0        407   .\objects\main.o
         0          0          0          0          0     201792   .\objects\misc.o
        36          8        304          0       1024        912   .\objects\startup_stm32f10x_hd.o
       286          0          0          0          0       3236   .\objects\stm32f10x_gpio.o
        32          6          0          0          0        589   .\objects\stm32f10x_rcc.o
       328         28          0         20          0      11009   .\objects\system_stm32f10x.o

    ----------------------------------------------------------------------
      1784        142        336        252       1028     244472   Object Totals
         0          0         32          0          0          0   (incl. Generated)
         0          0          0          3          4          0   (incl. Padding)

    ----------------------------------------------------------------------

      Code (inc. data)   RO Data    RW Data    ZI Data      Debug   Library Member Name

         0          0          0          0          0          0   C:\Keil_v5\ARM\ARMCC\Bin\..\lib\armlib\mc_w.l(entry.o)
         0          0          0          0          0          0   C:\Keil_v5\ARM\ARMCC\Bin\..\lib\armlib\mc_w.l(entry10a.o)
         0          0          0          0          0          0   C:\Keil_v5\ARM\ARMCC\Bin\..\lib\armlib\mc_w.l(entry11a.o)
         8          4          0          0          0          0   C:\Keil_v5\ARM\ARMCC\Bin\..\lib\armlib\mc_w.l(entry2.o)
         4          0          0          0          0          0   C:\Keil_v5\ARM\ARMCC\Bin\..\lib\armlib\mc_w.l(entry5.o)
         0          0          0          0          0          0   C:\Keil_v5\ARM\ARMCC\Bin\..\lib\armlib\mc_w.l(entry7b.o)
         0          0          0          0          0          0   C:\Keil_v5\ARM\ARMCC\Bin\..\lib\armlib\mc_w.l(entry8b.o)
         8          4          0          0          0          0   C:\Keil_v5\ARM\ARMCC\Bin\..\lib\armlib\mc_w.l(entry9a.o)
        30          0          0          0          0          0   C:\Keil_v5\ARM\ARMCC\Bin\..\lib\armlib\mc_w.l(handlers.o)
        36          8          0          0          0         68   C:\Keil_v5\ARM\ARMCC\Bin\..\lib\armlib\mc_w.l(init.o)

    ----------------------------------------------------------------------
        88         16          0          0          0         68   Library Totals
         2          0          0          0          0          0   (incl. Padding)

    ----------------------------------------------------------------------

      Code (inc. data)   RO Data    RW Data    ZI Data      Debug   Library Name

        86         16          0          0          0         68   C:\Keil_v5\ARM\ARMCC\Bin\..\lib\armlib\mc_w.l

    ----------------------------------------------------------------------
        88         16          0          0          0         68   Library Totals

    ----------------------------------------------------------------------

==============================================================================


      Code (inc. data)   RO Data    RW Data    ZI Data      Debug   

      1872        158        336        252       1028     243808   Grand Totals
      1872        158        336        252       1028     243808   ELF Image Totals
      1872        158        336        252          0          0   ROM Totals

==============================================================================

    Total RO  Size (Code + RO Data)                 2208 (   2.16kB)
    Total RW  Size (RW Data + ZI Data)              1280 (   1.25kB)
    Total ROM Size (Code + RO Data + RW Data)       2460 (   2.40kB)

==============================================================================

